Product: MDK-ARM Lite 5.10
Component: ARM Compiler 5.04 update 1 (build 49)
Tool: armlink [5040049]

==============================================================================

Section Cross References

    arm_startup_nrf51.o(STACK) refers (Special) to heapauxi.o(.text) for __use_two_region_memory
    arm_startup_nrf51.o(HEAP) refers (Special) to heapauxi.o(.text) for __use_two_region_memory
    arm_startup_nrf51.o(RESET) refers (Special) to heapauxi.o(.text) for __use_two_region_memory
    arm_startup_nrf51.o(RESET) refers to arm_startup_nrf51.o(STACK) for __initial_sp
    arm_startup_nrf51.o(RESET) refers to arm_startup_nrf51.o(.text) for Reset_Handler
    arm_startup_nrf51.o(RESET) refers to app_gpiote.o(.text) for GPIOTE_IRQHandler
    arm_startup_nrf51.o(RESET) refers to app_timer.o(.text) for RTC1_IRQHandler
    arm_startup_nrf51.o(RESET) refers to softdevice_handler.o(.text) for SWI2_IRQHandler
    arm_startup_nrf51.o(.text) refers (Special) to heapauxi.o(.text) for __use_two_region_memory
    arm_startup_nrf51.o(.text) refers to system_nrf51.o(.text) for SystemInit
    arm_startup_nrf51.o(.text) refers to __main.o(!!!main) for __main
    arm_startup_nrf51.o(.text) refers to arm_startup_nrf51.o(HEAP) for Heap_Mem
    arm_startup_nrf51.o(.text) refers to arm_startup_nrf51.o(STACK) for Stack_Mem
    system_nrf51.o(.text) refers to system_nrf51.o(.data) for SystemCoreClock
    main.o(.text) refers to rt_memclr.o(.text) for __aeabi_memclr4
    main.o(.text) refers to ble_advdata.o(.text) for ble_advdata_set
    main.o(.text) refers to app_timer.o(.text) for app_timer_init
    main.o(.text) refers to lss.o(.text) for ble_lss_init
    main.o(.text) refers to ble_conn_params.o(.text) for ble_conn_params_init
    main.o(.text) refers to pstorage.o(.text) for pstorage_init
    main.o(.text) refers to device_manager_peripheral.o(.text) for dm_init
    main.o(.text) refers to main.o(.constdata) for .constdata
    main.o(.text) refers to main.o(.bss) for m_lss
    main.o(.text) refers to main.o(.data) for m_update_timer_id
    main.o(.text) refers to led.o(.text) for led_setState
    main.o(.text) refers to softdevice_handler.o(.text) for softdevice_handler_init
    main.o(.text) refers to simple_uart.o(.text) for simple_uart_config
    ble_bas.o(.text) refers to rt_memclr.o(.text) for __aeabi_memclr4
    ble_bas.o(.text) refers to ble_srv_common.o(.text) for ble_srv_report_ref_encode
    lss.o(.text) refers to rt_memclr.o(.text) for __aeabi_memclr4
    ble_conn_params.o(.text) refers to rt_memcpy.o(.emb_text) for __aeabi_memcpy4
    ble_conn_params.o(.text) refers to rt_memcpy.o(.text) for __aeabi_memcpy
    ble_conn_params.o(.text) refers to app_timer.o(.text) for app_timer_create
    ble_conn_params.o(.text) refers to ble_conn_params.o(.data) for m_preferred_conn_params
    ble_conn_params.o(.text) refers to ble_conn_params.o(.bss) for m_conn_params_config
    ble_advdata.o(.text) refers to rt_memcpy.o(.text) for __aeabi_memcpy
    ble_srv_common.o(.text) refers to main.o(.text) for app_error_handler
    ble_srv_common.o(.text) refers to strlen.o(.text) for strlen
    app_timer.o(.text) refers to app_timer.o(.emb_text) for __asm___11_app_timer_c_cd27f9c3__nrf_delay_us
    app_timer.o(.text) refers to main.o(.text) for app_error_handler
    app_timer.o(.text) refers to app_timer.o(.data) for m_rtc1_running
    softdevice_handler.o(.text) refers to main.o(.text) for assert_nrf_callback
    softdevice_handler.o(.text) refers to softdevice_handler.o(.data) for m_softdevice_enabled
    simple_uart.o(.text) refers to simple_uart.o(.emb_text) for __asm___13_simple_uart_c_5dda6715__nrf_delay_us
    pstorage.o(.text) refers to pstorage.o(i.__ARM_common_switch8) for __ARM_common_switch8
    pstorage.o(.text) refers to aeabi_sdiv.o(.text) for __aeabi_uidivmod
    pstorage.o(.text) refers to pstorage.o(.bss) for m_cmd_queue
    pstorage.o(.text) refers to pstorage.o(.data) for m_round_val
    pstorage.o(.text) refers to rt_memcpy.o(.text) for __aeabi_memcpy
    app_button.o(.text) refers to main.o(.text) for app_error_handler
    app_button.o(.text) refers to app_gpiote.o(.text) for app_gpiote_pins_state_get
    app_button.o(.text) refers to app_timer.o(.text) for app_timer_stop
    app_button.o(.text) refers to app_button.o(.data) for m_evt_schedule_func
    app_gpiote.o(.text) refers to rt_memclr.o(.text) for __aeabi_memclr4
    app_gpiote.o(.text) refers to app_gpiote.o(.data) for mp_users
    device_manager_peripheral.o(.text) refers to rt_memclr.o(.text) for __aeabi_memclr
    device_manager_peripheral.o(.text) refers to pstorage.o(.text) for pstorage_block_identifier_get
    device_manager_peripheral.o(.text) refers to memcmp.o(.text) for memcmp
    device_manager_peripheral.o(.text) refers to rt_memcpy.o(.emb_text) for __aeabi_memcpy4
    device_manager_peripheral.o(.text) refers to main.o(.text) for app_error_handler
    device_manager_peripheral.o(.text) refers to aeabi_sdiv.o(.text) for __aeabi_uidivmod
    device_manager_peripheral.o(.text) refers to device_manager_peripheral.o(.bss) for m_connection_table
    device_manager_peripheral.o(.text) refers to device_manager_peripheral.o(.data) for m_storage_handle
    device_manager_peripheral.o(.text) refers to device_manager_peripheral.o(.conststring) for .conststring
    device_manager_peripheral.o(.text) refers to rt_memcpy.o(.text) for __aeabi_memcpy
    device_manager_peripheral.o(.text) refers to device_manager_peripheral.o(.constdata) for m_service_context_store
    device_manager_peripheral.o(.constdata) refers to device_manager_peripheral.o(.text) for no_service_context_store
    rt_memcpy.o(.text) refers to rt_memcpy.o(.emb_text) for __aeabi_memcpy4
    __main.o(!!!main) refers to rtentry.o(.ARM.Collect$$rtentry$$00000000) for __rt_entry
    rtentry.o(.ARM.Collect$$rtentry$$00000000) refers (Special) to rtentry2.o(.ARM.Collect$$rtentry$$0000000A) for __rt_entry_li
    rtentry.o(.ARM.Collect$$rtentry$$00000000) refers (Special) to rtentry2.o(.ARM.Collect$$rtentry$$0000000D) for __rt_entry_main
    rtentry.o(.ARM.Collect$$rtentry$$00000000) refers (Special) to rtentry2.o(.ARM.Collect$$rtentry$$0000000C) for __rt_entry_postli_1
    rtentry.o(.ARM.Collect$$rtentry$$00000000) refers (Special) to rtentry2.o(.ARM.Collect$$rtentry$$00000009) for __rt_entry_postsh_1
    rtentry.o(.ARM.Collect$$rtentry$$00000000) refers (Special) to rtentry2.o(.ARM.Collect$$rtentry$$00000002) for __rt_entry_presh_1
    rtentry.o(.ARM.Collect$$rtentry$$00000000) refers (Special) to rtentry4.o(.ARM.Collect$$rtentry$$00000004) for __rt_entry_sh
    aeabi_idiv0_sigfpe.o(.text) refers to rt_div0.o(.text) for __rt_div0
    rtentry2.o(.ARM.Collect$$rtentry$$00000008) refers to boardinit2.o(.text) for _platform_post_stackheap_init
    rtentry2.o(.ARM.Collect$$rtentry$$0000000A) refers to libinit.o(.ARM.Collect$$libinit$$00000000) for __rt_lib_init
    rtentry2.o(.ARM.Collect$$rtentry$$0000000B) refers to boardinit3.o(.text) for _platform_post_lib_init
    rtentry2.o(.ARM.Collect$$rtentry$$0000000D) refers to main.o(.text) for main
    rtentry2.o(.ARM.Collect$$rtentry$$0000000D) refers to exit.o(.text) for exit
    rtentry2.o(.ARM.exidx) refers to rtentry2.o(.ARM.Collect$$rtentry$$00000001) for .ARM.Collect$$rtentry$$00000001
    rtentry2.o(.ARM.exidx) refers to rtentry2.o(.ARM.Collect$$rtentry$$00000008) for .ARM.Collect$$rtentry$$00000008
    rtentry2.o(.ARM.exidx) refers to rtentry2.o(.ARM.Collect$$rtentry$$0000000A) for .ARM.Collect$$rtentry$$0000000A
    rtentry2.o(.ARM.exidx) refers to rtentry2.o(.ARM.Collect$$rtentry$$0000000B) for .ARM.Collect$$rtentry$$0000000B
    rtentry2.o(.ARM.exidx) refers to rtentry2.o(.ARM.Collect$$rtentry$$0000000D) for .ARM.Collect$$rtentry$$0000000D
    rtentry4.o(.ARM.Collect$$rtentry$$00000004) refers to sys_stackheap_outer.o(.text) for __user_setup_stackheap
    rtentry4.o(.ARM.exidx) refers to rtentry4.o(.ARM.Collect$$rtentry$$00000004) for .ARM.Collect$$rtentry$$00000004
    rt_div0.o(.text) refers to defsig_fpe_outer.o(.text) for __rt_SIGFPE
    sys_stackheap_outer.o(.text) refers to libspace.o(.text) for __user_perproc_libspace
    sys_stackheap_outer.o(.text) refers to arm_startup_nrf51.o(.text) for __user_initial_stackheap
    sys_stackheap_outer.o(__vectab_stack_and_reset_area) refers to tempstk.o(.text) for __temporary_stack_top
    sys_stackheap_outer.o(__vectab_stack_and_reset_area) refers to __main.o(!!!main) for __main
    exit.o(.text) refers to rtexit.o(.ARM.Collect$$rtexit$$00000000) for __rt_exit
    defsig_fpe_outer.o(.text) refers to defsig_fpe_inner.o(.text) for __rt_SIGFPE_inner
    defsig_fpe_outer.o(.text) refers to defsig_exit.o(.text) for __sig_exit
    defsig_fpe_formal.o(.text) refers to rt_raise.o(.text) for __rt_raise
    libinit.o(.ARM.Collect$$libinit$$00000000) refers (Special) to libinit2.o(.ARM.Collect$$libinit$$0000002C) for __rt_lib_init_alloca_1
    libinit.o(.ARM.Collect$$libinit$$00000000) refers (Special) to libinit2.o(.ARM.Collect$$libinit$$0000002A) for __rt_lib_init_argv_1
    libinit.o(.ARM.Collect$$libinit$$00000000) refers (Special) to libinit2.o(.ARM.Collect$$libinit$$00000019) for __rt_lib_init_atexit_1
    libinit.o(.ARM.Collect$$libinit$$00000000) refers (Special) to libinit2.o(.ARM.Collect$$libinit$$0000001F) for __rt_lib_init_clock_1
    libinit.o(.ARM.Collect$$libinit$$00000000) refers (Special) to libinit2.o(.ARM.Collect$$libinit$$00000030) for __rt_lib_init_cpp_1
    libinit.o(.ARM.Collect$$libinit$$00000000) refers (Special) to libinit2.o(.ARM.Collect$$libinit$$0000002E) for __rt_lib_init_exceptions_1
    libinit.o(.ARM.Collect$$libinit$$00000000) refers (Special) to libinit2.o(.ARM.Collect$$libinit$$00000001) for __rt_lib_init_fp_1
    libinit.o(.ARM.Collect$$libinit$$00000000) refers (Special) to libinit2.o(.ARM.Collect$$libinit$$0000001D) for __rt_lib_init_fp_trap_1
    libinit.o(.ARM.Collect$$libinit$$00000000) refers (Special) to libinit2.o(.ARM.Collect$$libinit$$00000021) for __rt_lib_init_getenv_1
    libinit.o(.ARM.Collect$$libinit$$00000000) refers (Special) to libinit2.o(.ARM.Collect$$libinit$$00000008) for __rt_lib_init_heap_1
    libinit.o(.ARM.Collect$$libinit$$00000000) refers (Special) to libinit2.o(.ARM.Collect$$libinit$$0000000F) for __rt_lib_init_lc_collate_1
    libinit.o(.ARM.Collect$$libinit$$00000000) refers (Special) to libinit2.o(.ARM.Collect$$libinit$$00000011) for __rt_lib_init_lc_ctype_1
    libinit.o(.ARM.Collect$$libinit$$00000000) refers (Special) to libinit2.o(.ARM.Collect$$libinit$$00000013) for __rt_lib_init_lc_monetary_1
    libinit.o(.ARM.Collect$$libinit$$00000000) refers (Special) to libinit2.o(.ARM.Collect$$libinit$$00000015) for __rt_lib_init_lc_numeric_1
    libinit.o(.ARM.Collect$$libinit$$00000000) refers (Special) to libinit2.o(.ARM.Collect$$libinit$$00000017) for __rt_lib_init_lc_time_1
    libinit.o(.ARM.Collect$$libinit$$00000000) refers (Special) to libinit2.o(.ARM.Collect$$libinit$$0000000C) for __rt_lib_init_rand_1
    libinit.o(.ARM.Collect$$libinit$$00000000) refers (Special) to libinit2.o(.ARM.Collect$$libinit$$00000031) for __rt_lib_init_return
    libinit.o(.ARM.Collect$$libinit$$00000000) refers (Special) to libinit2.o(.ARM.Collect$$libinit$$0000001B) for __rt_lib_init_signal_1
    libinit.o(.ARM.Collect$$libinit$$00000000) refers (Special) to libinit2.o(.ARM.Collect$$libinit$$00000023) for __rt_lib_init_stdio_1
    libinit.o(.ARM.Collect$$libinit$$00000000) refers (Special) to libinit2.o(.ARM.Collect$$libinit$$0000000A) for __rt_lib_init_user_alloc_1
    libspace.o(.text) refers to libspace.o(.bss) for __libspace_start
    rtexit.o(.ARM.Collect$$rtexit$$00000000) refers (Special) to rtexit2.o(.ARM.Collect$$rtexit$$00000004) for __rt_exit_exit
    rtexit.o(.ARM.Collect$$rtexit$$00000000) refers (Special) to rtexit2.o(.ARM.Collect$$rtexit$$00000003) for __rt_exit_ls
    rtexit.o(.ARM.Collect$$rtexit$$00000000) refers (Special) to rtexit2.o(.ARM.Collect$$rtexit$$00000002) for __rt_exit_prels_1
    rtexit.o(.ARM.exidx) refers (Special) to rtexit2.o(.ARM.Collect$$rtexit$$00000004) for __rt_exit_exit
    rtexit.o(.ARM.exidx) refers (Special) to rtexit2.o(.ARM.Collect$$rtexit$$00000003) for __rt_exit_ls
    rtexit.o(.ARM.exidx) refers (Special) to rtexit2.o(.ARM.Collect$$rtexit$$00000002) for __rt_exit_prels_1
    rtexit.o(.ARM.exidx) refers to rtexit.o(.ARM.Collect$$rtexit$$00000000) for .ARM.Collect$$rtexit$$00000000
    rt_raise.o(.text) refers to __raise.o(.text) for __raise
    rt_raise.o(.text) refers to sys_exit.o(.text) for _sys_exit
    defsig_exit.o(.text) refers to sys_exit.o(.text) for _sys_exit
    defsig_fpe_inner.o(.text) refers to defsig_general.o(.text) for __default_signal_display
    libinit2.o(.ARM.Collect$$libinit$$0000000E) refers to libinit2.o(.ARM.Collect$$libinit$$0000000D) for .ARM.Collect$$libinit$$0000000D
    libinit2.o(.ARM.Collect$$libinit$$00000010) refers to libinit2.o(.ARM.Collect$$libinit$$0000000D) for .ARM.Collect$$libinit$$0000000D
    libinit2.o(.ARM.Collect$$libinit$$00000012) refers to libinit2.o(.ARM.Collect$$libinit$$0000000D) for .ARM.Collect$$libinit$$0000000D
    libinit2.o(.ARM.Collect$$libinit$$00000014) refers to libinit2.o(.ARM.Collect$$libinit$$0000000D) for .ARM.Collect$$libinit$$0000000D
    libinit2.o(.ARM.Collect$$libinit$$00000016) refers to libinit2.o(.ARM.Collect$$libinit$$0000000D) for .ARM.Collect$$libinit$$0000000D
    libinit2.o(.ARM.Collect$$libinit$$00000024) refers to argv_veneer.o(.text) for __ARM_argv_veneer
    libinit2.o(.ARM.Collect$$libinit$$00000025) refers to argv_veneer.o(.text) for __ARM_argv_veneer
    sys_exit.o(.text) refers (Special) to use_no_semi.o(.text) for __I$use$semihosting
    sys_exit.o(.text) refers (Special) to indicate_semi.o(.text) for __semihosting_library_function
    rtexit2.o(.ARM.Collect$$rtexit$$00000003) refers to libshutdown.o(.ARM.Collect$$libshutdown$$00000000) for __rt_lib_shutdown
    rtexit2.o(.ARM.Collect$$rtexit$$00000004) refers to sys_exit.o(.text) for _sys_exit
    rtexit2.o(.ARM.exidx) refers to rtexit2.o(.ARM.Collect$$rtexit$$00000001) for .ARM.Collect$$rtexit$$00000001
    rtexit2.o(.ARM.exidx) refers to rtexit2.o(.ARM.Collect$$rtexit$$00000003) for .ARM.Collect$$rtexit$$00000003
    rtexit2.o(.ARM.exidx) refers to rtexit2.o(.ARM.Collect$$rtexit$$00000004) for .ARM.Collect$$rtexit$$00000004
    __raise.o(.text) refers to defsig.o(CL$$defsig) for __default_signal_handler
    defsig_general.o(.text) refers to sys_wrch.o(.text) for _ttywrch
    sys_wrch.o(.text) refers (Special) to use_no_semi.o(.text) for __I$use$semihosting
    sys_wrch.o(.text) refers (Special) to indicate_semi.o(.text) for __semihosting_library_function
    defsig.o(CL$$defsig) refers to defsig_fpe_inner.o(.text) for __rt_SIGFPE_inner
    defsig.o(CL$$defsig) refers to defsig_rtmem_inner.o(.text) for __rt_SIGRTMEM_inner
    _get_argv_nomalloc.o(.text) refers (Special) to hrguard.o(.text) for __heap_region$guard
    _get_argv_nomalloc.o(.text) refers to defsig_rtmem_outer.o(.text) for __rt_SIGRTMEM
    _get_argv_nomalloc.o(.text) refers to sys_command.o(.text) for _sys_command_string
    libshutdown.o(.ARM.Collect$$libshutdown$$00000000) refers (Special) to libshutdown2.o(.ARM.Collect$$libshutdown$$00000006) for __rt_lib_shutdown_fp_trap_1
    libshutdown.o(.ARM.Collect$$libshutdown$$00000000) refers (Special) to libshutdown2.o(.ARM.Collect$$libshutdown$$0000000E) for __rt_lib_shutdown_heap_1
    libshutdown.o(.ARM.Collect$$libshutdown$$00000000) refers (Special) to libshutdown2.o(.ARM.Collect$$libshutdown$$0000000F) for __rt_lib_shutdown_return
    libshutdown.o(.ARM.Collect$$libshutdown$$00000000) refers (Special) to libshutdown2.o(.ARM.Collect$$libshutdown$$00000009) for __rt_lib_shutdown_signal_1
    libshutdown.o(.ARM.Collect$$libshutdown$$00000000) refers (Special) to libshutdown2.o(.ARM.Collect$$libshutdown$$00000003) for __rt_lib_shutdown_stdio_1
    libshutdown.o(.ARM.Collect$$libshutdown$$00000000) refers (Special) to libshutdown2.o(.ARM.Collect$$libshutdown$$0000000B) for __rt_lib_shutdown_user_alloc_1
    sys_command.o(.text) refers (Special) to use_no_semi.o(.text) for __I$use$semihosting
    sys_command.o(.text) refers (Special) to indicate_semi.o(.text) for __semihosting_library_function
    defsig_abrt_inner.o(.text) refers to defsig_general.o(.text) for __default_signal_display
    defsig_rtred_inner.o(.text) refers to defsig_general.o(.text) for __default_signal_display
    defsig_rtmem_inner.o(.text) refers to defsig_general.o(.text) for __default_signal_display
    defsig_rtmem_outer.o(.text) refers to defsig_rtmem_inner.o(.text) for __rt_SIGRTMEM_inner
    defsig_rtmem_outer.o(.text) refers to defsig_exit.o(.text) for __sig_exit
    defsig_rtmem_formal.o(.text) refers to rt_raise.o(.text) for __rt_raise
    defsig_stak_inner.o(.text) refers to defsig_general.o(.text) for __default_signal_display
    defsig_pvfn_inner.o(.text) refers to defsig_general.o(.text) for __default_signal_display
    defsig_cppl_inner.o(.text) refers to defsig_general.o(.text) for __default_signal_display
    defsig_segv_inner.o(.text) refers to defsig_general.o(.text) for __default_signal_display
    defsig_other.o(.text) refers to defsig_general.o(.text) for __default_signal_display


==============================================================================

Removing Unused input sections from the image.

    Removing system_nrf51.o(.rev16_text), (4 bytes).
    Removing system_nrf51.o(.revsh_text), (4 bytes).
    Removing main.o(.rev16_text), (4 bytes).
    Removing main.o(.revsh_text), (4 bytes).
    Removing led.o(.rev16_text), (4 bytes).
    Removing led.o(.revsh_text), (4 bytes).
    Removing ble_bas.o(.text), (800 bytes).
    Removing ble_srv_common.o(.text), (136 bytes).
    Removing app_timer.o(.rev16_text), (4 bytes).
    Removing app_timer.o(.revsh_text), (4 bytes).
    Removing softdevice_handler.o(.rev16_text), (4 bytes).
    Removing softdevice_handler.o(.revsh_text), (4 bytes).
    Removing simple_uart.o(.rev16_text), (4 bytes).
    Removing simple_uart.o(.revsh_text), (4 bytes).
    Removing pstorage.o(.rev16_text), (4 bytes).
    Removing pstorage.o(.revsh_text), (4 bytes).
    Removing app_button.o(.rev16_text), (4 bytes).
    Removing app_button.o(.revsh_text), (4 bytes).
    Removing app_button.o(.text), (668 bytes).
    Removing app_button.o(.data), (32 bytes).
    Removing app_gpiote.o(.rev16_text), (4 bytes).
    Removing app_gpiote.o(.revsh_text), (4 bytes).

22 unused section(s) (total 1708 bytes) removed from the image.

==============================================================================

Image Symbol Table

    Local Symbols

    Symbol Name                              Value     Ov Type        Size  Object(Section)

    ../clib/angel/boardlib.s                 0x00000000   Number         0  boardinit3.o ABSOLUTE
    ../clib/angel/boardlib.s                 0x00000000   Number         0  boardinit2.o ABSOLUTE
    ../clib/angel/boardlib.s                 0x00000000   Number         0  boardinit1.o ABSOLUTE
    ../clib/angel/boardlib.s                 0x00000000   Number         0  boardshut.o ABSOLUTE
    ../clib/angel/handlers.s                 0x00000000   Number         0  __scatter_copy.o ABSOLUTE
    ../clib/angel/handlers.s                 0x00000000   Number         0  __scatter_zi.o ABSOLUTE
    ../clib/angel/kernel.s                   0x00000000   Number         0  rtentry4.o ABSOLUTE
    ../clib/angel/kernel.s                   0x00000000   Number         0  rtentry.o ABSOLUTE
    ../clib/angel/kernel.s                   0x00000000   Number         0  rtentry2.o ABSOLUTE
    ../clib/angel/kernel.s                   0x00000000   Number         0  rtexit2.o ABSOLUTE
    ../clib/angel/kernel.s                   0x00000000   Number         0  rtexit.o ABSOLUTE
    ../clib/angel/rt.s                       0x00000000   Number         0  rt_div0.o ABSOLUTE
    ../clib/angel/rt.s                       0x00000000   Number         0  aeabi_idiv0.o ABSOLUTE
    ../clib/angel/rt.s                       0x00000000   Number         0  aeabi_idiv0_sigfpe.o ABSOLUTE
    ../clib/angel/rt.s                       0x00000000   Number         0  rt_raise.o ABSOLUTE
    ../clib/angel/scatterp.s                 0x00000000   Number         0  __scatter.o ABSOLUTE
    ../clib/angel/startup.s                  0x00000000   Number         0  __main.o ABSOLUTE
    ../clib/angel/sys.s                      0x00000000   Number         0  libspace.o ABSOLUTE
    ../clib/angel/sys.s                      0x00000000   Number         0  use_no_semi.o ABSOLUTE
    ../clib/angel/sys.s                      0x00000000   Number         0  sys_stackheap_outer.o ABSOLUTE
    ../clib/angel/sys.s                      0x00000000   Number         0  indicate_semi.o ABSOLUTE
    ../clib/angel/sys.s                      0x00000000   Number         0  tempstk.o ABSOLUTE
    ../clib/angel/sysapp.c                   0x00000000   Number         0  sys_command.o ABSOLUTE
    ../clib/angel/sysapp.c                   0x00000000   Number         0  sys_wrch.o ABSOLUTE
    ../clib/angel/sysapp.c                   0x00000000   Number         0  sys_exit.o ABSOLUTE
    ../clib/armsys.c                         0x00000000   Number         0  no_argv.o ABSOLUTE
    ../clib/armsys.c                         0x00000000   Number         0  _get_argv_nomalloc.o ABSOLUTE
    ../clib/armsys.c                         0x00000000   Number         0  argv_veneer.o ABSOLUTE
    ../clib/division.s                       0x00000000   Number         0  aeabi_sdiv.o ABSOLUTE
    ../clib/division.s                       0x00000000   Number         0  aeabi_sdiv_div0.o ABSOLUTE
    ../clib/heapalloc.c                      0x00000000   Number         0  hrguard.o ABSOLUTE
    ../clib/heapaux.c                        0x00000000   Number         0  heapauxi.o ABSOLUTE
    ../clib/libinit.s                        0x00000000   Number         0  libinit2.o ABSOLUTE
    ../clib/libinit.s                        0x00000000   Number         0  libshutdown2.o ABSOLUTE
    ../clib/libinit.s                        0x00000000   Number         0  libshutdown.o ABSOLUTE
    ../clib/libinit.s                        0x00000000   Number         0  libinit.o ABSOLUTE
    ../clib/memcpset.c                       0x00000000   Number         0  rt_memcpy.o ABSOLUTE
    ../clib/memcpset.c                       0x00000000   Number         0  rt_memcpy.o ABSOLUTE
    ../clib/memcpset.c                       0x00000000   Number         0  rt_memclr.o ABSOLUTE
    ../clib/signal.c                         0x00000000   Number         0  defsig_stak_inner.o ABSOLUTE
    ../clib/signal.c                         0x00000000   Number         0  __raise.o ABSOLUTE
    ../clib/signal.c                         0x00000000   Number         0  defsig_pvfn_inner.o ABSOLUTE
    ../clib/signal.c                         0x00000000   Number         0  defsig_other.o ABSOLUTE
    ../clib/signal.c                         0x00000000   Number         0  defsig_fpe_outer.o ABSOLUTE
    ../clib/signal.c                         0x00000000   Number         0  defsig_fpe_formal.o ABSOLUTE
    ../clib/signal.c                         0x00000000   Number         0  defsig_rtmem_formal.o ABSOLUTE
    ../clib/signal.c                         0x00000000   Number         0  defsig_general.o ABSOLUTE
    ../clib/signal.c                         0x00000000   Number         0  defsig_abrt_inner.o ABSOLUTE
    ../clib/signal.c                         0x00000000   Number         0  defsig_exit.o ABSOLUTE
    ../clib/signal.c                         0x00000000   Number         0  defsig_segv_inner.o ABSOLUTE
    ../clib/signal.c                         0x00000000   Number         0  defsig_cppl_inner.o ABSOLUTE
    ../clib/signal.c                         0x00000000   Number         0  defsig_fpe_inner.o ABSOLUTE
    ../clib/signal.c                         0x00000000   Number         0  defsig_rtred_inner.o ABSOLUTE
    ../clib/signal.c                         0x00000000   Number         0  defsig_rtmem_inner.o ABSOLUTE
    ../clib/signal.c                         0x00000000   Number         0  defsig_rtmem_outer.o ABSOLUTE
    ../clib/signal.s                         0x00000000   Number         0  defsig.o ABSOLUTE
    ../clib/stdlib.c                         0x00000000   Number         0  exit.o ABSOLUTE
    ../clib/string.c                         0x00000000   Number         0  strlen.o ABSOLUTE
    ../clib/string.c                         0x00000000   Number         0  memcmp.o ABSOLUTE
    ../fplib/cfplib/fpinit.c                 0x00000000   Number         0  fpinit.o ABSOLUTE
    ..\..\..\..\..\Source\app_common\app_button.c 0x00000000   Number         0  app_button.o ABSOLUTE
    ..\..\..\..\..\Source\app_common\app_gpiote.c 0x00000000   Number         0  app_gpiote.o ABSOLUTE
    ..\..\..\..\..\Source\app_common\app_timer.c 0x00000000   Number         0  app_timer.o ABSOLUTE
    ..\..\..\..\..\Source\app_common\pstorage.c 0x00000000   Number         0  pstorage.o ABSOLUTE
    ..\..\..\..\..\Source\ble\ble_advdata.c  0x00000000   Number         0  ble_advdata.o ABSOLUTE
    ..\..\..\..\..\Source\ble\ble_conn_params.c 0x00000000   Number         0  ble_conn_params.o ABSOLUTE
    ..\..\..\..\..\Source\ble\ble_services\ble_bas.c 0x00000000   Number         0  ble_bas.o ABSOLUTE
    ..\..\..\..\..\Source\ble\ble_services\ble_srv_common.c 0x00000000   Number         0  ble_srv_common.o ABSOLUTE
    ..\..\..\..\..\Source\ble\device_manager\device_manager_peripheral.c 0x00000000   Number         0  device_manager_peripheral.o ABSOLUTE
    ..\..\..\..\..\Source\sd_common\softdevice_handler.c 0x00000000   Number         0  softdevice_handler.o ABSOLUTE
    ..\..\..\..\..\Source\simple_uart\simple_uart.c 0x00000000   Number         0  simple_uart.o ABSOLUTE
    ..\\..\\..\\..\\..\\Source\\app_common\\app_button.c 0x00000000   Number         0  app_button.o ABSOLUTE
    ..\\..\\..\\..\\..\\Source\\app_common\\app_gpiote.c 0x00000000   Number         0  app_gpiote.o ABSOLUTE
    ..\\..\\..\\..\\..\\Source\\app_common\\app_timer.c 0x00000000   Number         0  app_timer.o ABSOLUTE
    ..\\..\\..\\..\\..\\Source\\app_common\\pstorage.c 0x00000000   Number         0  pstorage.o ABSOLUTE
    ..\\..\\..\\..\\..\\Source\\sd_common\\softdevice_handler.c 0x00000000   Number         0  softdevice_handler.o ABSOLUTE
    ..\\..\\..\\..\\..\\Source\\simple_uart\\simple_uart.c 0x00000000   Number         0  simple_uart.o ABSOLUTE
    ..\\led.c                                0x00000000   Number         0  led.o ABSOLUTE
    ..\\main.c                               0x00000000   Number         0  main.o ABSOLUTE
    ..\led.c                                 0x00000000   Number         0  led.o ABSOLUTE
    ..\lss.c                                 0x00000000   Number         0  lss.o ABSOLUTE
    ..\main.c                                0x00000000   Number         0  main.o ABSOLUTE
    RTE\Device\nRF51822_xxAA\arm_startup_nrf51.s 0x00000000   Number         0  arm_startup_nrf51.o ABSOLUTE
    RTE\Device\nRF51822_xxAA\system_nrf51.c  0x00000000   Number         0  system_nrf51.o ABSOLUTE
    RTE\\Device\\nRF51822_xxAA\\system_nrf51.c 0x00000000   Number         0  system_nrf51.o ABSOLUTE
    dc.s                                     0x00000000   Number         0  dc.o ABSOLUTE
    RESET                                    0x00016000   Section      192  arm_startup_nrf51.o(RESET)
    !!!main                                  0x000160c0   Section        8  __main.o(!!!main)
    !!!scatter                               0x000160c8   Section       60  __scatter.o(!!!scatter)
    !!handler_copy                           0x00016104   Section       26  __scatter_copy.o(!!handler_copy)
    !!handler_zi                             0x00016120   Section       28  __scatter_zi.o(!!handler_zi)
    .ARM.Collect$$libinit$$00000000          0x0001613c   Section        2  libinit.o(.ARM.Collect$$libinit$$00000000)
    .ARM.Collect$$libinit$$00000001          0x0001613e   Section        4  libinit2.o(.ARM.Collect$$libinit$$00000001)
    .ARM.Collect$$libinit$$00000008          0x00016142   Section        0  libinit2.o(.ARM.Collect$$libinit$$00000008)
    .ARM.Collect$$libinit$$0000000A          0x00016142   Section        0  libinit2.o(.ARM.Collect$$libinit$$0000000A)
    .ARM.Collect$$libinit$$0000000C          0x00016142   Section        0  libinit2.o(.ARM.Collect$$libinit$$0000000C)
    .ARM.Collect$$libinit$$0000000F          0x00016142   Section        0  libinit2.o(.ARM.Collect$$libinit$$0000000F)
    .ARM.Collect$$libinit$$00000011          0x00016142   Section        0  libinit2.o(.ARM.Collect$$libinit$$00000011)
    .ARM.Collect$$libinit$$00000013          0x00016142   Section        0  libinit2.o(.ARM.Collect$$libinit$$00000013)
    .ARM.Collect$$libinit$$00000015          0x00016142   Section        0  libinit2.o(.ARM.Collect$$libinit$$00000015)
    .ARM.Collect$$libinit$$00000017          0x00016142   Section        0  libinit2.o(.ARM.Collect$$libinit$$00000017)
    .ARM.Collect$$libinit$$00000019          0x00016142   Section        0  libinit2.o(.ARM.Collect$$libinit$$00000019)
    .ARM.Collect$$libinit$$0000001B          0x00016142   Section        0  libinit2.o(.ARM.Collect$$libinit$$0000001B)
    .ARM.Collect$$libinit$$0000001D          0x00016142   Section        0  libinit2.o(.ARM.Collect$$libinit$$0000001D)
    .ARM.Collect$$libinit$$0000001F          0x00016142   Section        0  libinit2.o(.ARM.Collect$$libinit$$0000001F)
    .ARM.Collect$$libinit$$00000021          0x00016142   Section        0  libinit2.o(.ARM.Collect$$libinit$$00000021)
    .ARM.Collect$$libinit$$00000023          0x00016142   Section        0  libinit2.o(.ARM.Collect$$libinit$$00000023)
    .ARM.Collect$$libinit$$0000002A          0x00016142   Section        0  libinit2.o(.ARM.Collect$$libinit$$0000002A)
    .ARM.Collect$$libinit$$0000002C          0x00016142   Section        0  libinit2.o(.ARM.Collect$$libinit$$0000002C)
    .ARM.Collect$$libinit$$0000002E          0x00016142   Section        0  libinit2.o(.ARM.Collect$$libinit$$0000002E)
    .ARM.Collect$$libinit$$00000030          0x00016142   Section        0  libinit2.o(.ARM.Collect$$libinit$$00000030)
    .ARM.Collect$$libinit$$00000031          0x00016142   Section        2  libinit2.o(.ARM.Collect$$libinit$$00000031)
    .ARM.Collect$$libshutdown$$00000000      0x00016144   Section        2  libshutdown.o(.ARM.Collect$$libshutdown$$00000000)
    .ARM.Collect$$libshutdown$$00000003      0x00016146   Section        0  libshutdown2.o(.ARM.Collect$$libshutdown$$00000003)
    .ARM.Collect$$libshutdown$$00000006      0x00016146   Section        0  libshutdown2.o(.ARM.Collect$$libshutdown$$00000006)
    .ARM.Collect$$libshutdown$$00000009      0x00016146   Section        0  libshutdown2.o(.ARM.Collect$$libshutdown$$00000009)
    .ARM.Collect$$libshutdown$$0000000B      0x00016146   Section        0  libshutdown2.o(.ARM.Collect$$libshutdown$$0000000B)
    .ARM.Collect$$libshutdown$$0000000E      0x00016146   Section        0  libshutdown2.o(.ARM.Collect$$libshutdown$$0000000E)
    .ARM.Collect$$libshutdown$$0000000F      0x00016146   Section        2  libshutdown2.o(.ARM.Collect$$libshutdown$$0000000F)
    .ARM.Collect$$rtentry$$00000000          0x00016148   Section        0  rtentry.o(.ARM.Collect$$rtentry$$00000000)
    .ARM.Collect$$rtentry$$00000002          0x00016148   Section        0  rtentry2.o(.ARM.Collect$$rtentry$$00000002)
    .ARM.Collect$$rtentry$$00000004          0x00016148   Section        6  rtentry4.o(.ARM.Collect$$rtentry$$00000004)
    .ARM.Collect$$rtentry$$00000009          0x0001614e   Section        0  rtentry2.o(.ARM.Collect$$rtentry$$00000009)
    .ARM.Collect$$rtentry$$0000000A          0x0001614e   Section        4  rtentry2.o(.ARM.Collect$$rtentry$$0000000A)
    .ARM.Collect$$rtentry$$0000000C          0x00016152   Section        0  rtentry2.o(.ARM.Collect$$rtentry$$0000000C)
    .ARM.Collect$$rtentry$$0000000D          0x00016152   Section        8  rtentry2.o(.ARM.Collect$$rtentry$$0000000D)
    .ARM.Collect$$rtexit$$00000000           0x0001615a   Section        2  rtexit.o(.ARM.Collect$$rtexit$$00000000)
    .ARM.Collect$$rtexit$$00000002           0x0001615c   Section        0  rtexit2.o(.ARM.Collect$$rtexit$$00000002)
    .ARM.Collect$$rtexit$$00000003           0x0001615c   Section        4  rtexit2.o(.ARM.Collect$$rtexit$$00000003)
    .ARM.Collect$$rtexit$$00000004           0x00016160   Section        6  rtexit2.o(.ARM.Collect$$rtexit$$00000004)
    .emb_text                                0x00016168   Section       30  app_timer.o(.emb_text)
    .emb_text                                0x00016188   Section       30  simple_uart.o(.emb_text)
    .emb_text                                0x000161a8   Section       56  rt_memcpy.o(.emb_text)
    .text                                    0x000161e0   Section       84  arm_startup_nrf51.o(.text)
    .text                                    0x00016234   Section        0  system_nrf51.o(.text)
    is_disabled_in_debug_needed              0x0001623d   Thumb Code    52  system_nrf51.o(.text)
    is_manual_peripheral_setup_needed        0x00016271   Thumb Code   104  system_nrf51.o(.text)
    .text                                    0x0001631c   Section        0  main.o(.text)
    conn_params_error_handler                0x00016341   Thumb Code    14  main.o(.text)
    update_advertising_packet                0x0001634f   Thumb Code   108  main.o(.text)
    adv_packet_update_timeout_handler        0x000163bb   Thumb Code    14  main.o(.text)
    timers_init                              0x000163c9   Thumb Code    80  main.o(.text)
    gap_params_init                          0x00016419   Thumb Code   148  main.o(.text)
    advertising_init                         0x000164ad   Thumb Code   114  main.o(.text)
    services_init                            0x0001651f   Thumb Code   134  main.o(.text)
    conn_params_init                         0x000165a5   Thumb Code    86  main.o(.text)
    device_manager_init                      0x000165fb   Thumb Code    66  main.o(.text)
    system_off_mode_enter                    0x0001663d   Thumb Code    80  main.o(.text)
    on_sys_evt                               0x0001668d   Thumb Code    42  main.o(.text)
    sys_evt_dispatch                         0x000166b7   Thumb Code    18  main.o(.text)
    on_ble_evt                               0x00016751   Thumb Code    58  main.o(.text)
    ble_evt_dispatch                         0x0001678b   Thumb Code    32  main.o(.text)
    ble_stack_init                           0x000167ab   Thumb Code   146  main.o(.text)
    application_timers_start                 0x0001683d   Thumb Code    44  main.o(.text)
    .text                                    0x000168e8   Section        0  led.o(.text)
    nrf_gpio_cfg_output                      0x0001694d   Thumb Code    18  led.o(.text)
    nrf_gpio_pin_set                         0x0001695f   Thumb Code    10  led.o(.text)
    nrf_gpio_pin_clear                       0x00016969   Thumb Code    10  led.o(.text)
    .text                                    0x00016978   Section        0  lss.o(.text)
    adv_params_char_add                      0x00016979   Thumb Code   250  lss.o(.text)
    led_state_char_add                       0x00016a73   Thumb Code   250  lss.o(.text)
    on_lss_cccd_write                        0x00016bcd   Thumb Code    62  lss.o(.text)
    save_adv_interval                        0x00016c0b   Thumb Code    64  lss.o(.text)
    on_write                                 0x00016c4b   Thumb Code    56  lss.o(.text)
    on_disconnect                            0x00016c83   Thumb Code     8  lss.o(.text)
    on_connect                               0x00016c8b   Thumb Code     6  lss.o(.text)
    .text                                    0x00016cd4   Section        0  ble_conn_params.o(.text)
    is_conn_params_ok                        0x00016cd5   Thumb Code    30  ble_conn_params.o(.text)
    update_timeout_handler                   0x00016cf3   Thumb Code   136  ble_conn_params.o(.text)
    conn_params_negotiation                  0x00016de1   Thumb Code   126  ble_conn_params.o(.text)
    on_connect                               0x00016e5f   Thumb Code    42  ble_conn_params.o(.text)
    on_disconnect                            0x00016e89   Thumb Code    50  ble_conn_params.o(.text)
    on_write                                 0x00016ebb   Thumb Code    84  ble_conn_params.o(.text)
    on_conn_params_update                    0x00016f0f   Thumb Code    20  ble_conn_params.o(.text)
    .text                                    0x00016fdc   Section        0  ble_advdata.o(.text)
    name_encode                              0x00016fdd   Thumb Code   150  ble_advdata.o(.text)
    appearance_encode                        0x00017073   Thumb Code    74  ble_advdata.o(.text)
    uint8_array_encode                       0x000170bd   Thumb Code    82  ble_advdata.o(.text)
    tx_power_level_encode                    0x0001710f   Thumb Code    48  ble_advdata.o(.text)
    uuid_list_sized_encode                   0x0001713f   Thumb Code   196  ble_advdata.o(.text)
    uuid_list_encode                         0x00017203   Thumb Code    64  ble_advdata.o(.text)
    conn_int_check                           0x00017243   Thumb Code    88  ble_advdata.o(.text)
    conn_int_encode                          0x0001729b   Thumb Code    92  ble_advdata.o(.text)
    manuf_specific_data_encode               0x000172f7   Thumb Code   106  ble_advdata.o(.text)
    service_data_encode                      0x00017361   Thumb Code   140  ble_advdata.o(.text)
    adv_data_encode                          0x000173ed   Thumb Code   302  ble_advdata.o(.text)
    advdata_check                            0x0001751b   Thumb Code    34  ble_advdata.o(.text)
    srdata_check                             0x0001753d   Thumb Code    16  ble_advdata.o(.text)
    uint16_encode                            0x000175c7   Thumb Code    18  ble_advdata.o(.text)
    .text                                    0x000175dc   Section        0  app_timer.o(.text)
    NVIC_SetPriority                         0x000175dd   Thumb Code   110  app_timer.o(.text)
    rtc1_init                                0x0001764b   Thumb Code    18  app_timer.o(.text)
    rtc1_start                               0x0001765d   Thumb Code    48  app_timer.o(.text)
    rtc1_stop                                0x0001768d   Thumb Code    68  app_timer.o(.text)
    timer_list_insert                        0x000176d1   Thumb Code   212  app_timer.o(.text)
    timer_list_remove                        0x000177a5   Thumb Code   170  app_timer.o(.text)
    timer_timeouts_check_sched               0x0001784f   Thumb Code    10  app_timer.o(.text)
    timer_list_handler_sched                 0x00017859   Thumb Code    10  app_timer.o(.text)
    timeout_handler_exec                     0x00017863   Thumb Code    60  app_timer.o(.text)
    timer_timeouts_check                     0x0001789f   Thumb Code   132  app_timer.o(.text)
    elapsed_ticks_acquire                    0x00017923   Thumb Code    82  app_timer.o(.text)
    list_deletions_handler                   0x00017975   Thumb Code   284  app_timer.o(.text)
    expired_timers_handler                   0x00017a91   Thumb Code   100  app_timer.o(.text)
    list_insertions_handler                  0x00017af5   Thumb Code   264  app_timer.o(.text)
    compare_reg_update                       0x00017bfd   Thumb Code   124  app_timer.o(.text)
    timer_list_handler                       0x00017c79   Thumb Code    70  app_timer.o(.text)
    user_op_enque                            0x00017cbf   Thumb Code     4  app_timer.o(.text)
    user_op_alloc                            0x00017cc3   Thumb Code    44  app_timer.o(.text)
    timer_start_op_schedule                  0x00017cef   Thumb Code    80  app_timer.o(.text)
    timer_stop_op_schedule                   0x00017d3f   Thumb Code    58  app_timer.o(.text)
    timer_stop_all_op_schedule               0x00017d79   Thumb Code    58  app_timer.o(.text)
    user_id_get                              0x00017f43   Thumb Code    34  app_timer.o(.text)
    NVIC_EnableIRQ                           0x00018041   Thumb Code    14  app_timer.o(.text)
    NVIC_SetPendingIRQ                       0x0001804f   Thumb Code    14  app_timer.o(.text)
    NVIC_ClearPendingIRQ                     0x0001805d   Thumb Code    16  app_timer.o(.text)
    current_int_priority_get                 0x0001806d   Thumb Code    84  app_timer.o(.text)
    rtc1_counter_get                         0x000180c1   Thumb Code     6  app_timer.o(.text)
    ticks_diff_get                           0x000180c7   Thumb Code    10  app_timer.o(.text)
    .text                                    0x00018100   Section        0  softdevice_handler.o(.text)
    .text                                    0x000182d4   Section        0  simple_uart.o(.text)
    nrf_gpio_cfg_output                      0x000183bb   Thumb Code    18  simple_uart.o(.text)
    nrf_gpio_cfg_input                       0x000183cd   Thumb Code    20  simple_uart.o(.text)
    .text                                    0x000183f0   Section        0  pstorage.o(.text)
    cmd_queue_element_init                   0x000183f1   Thumb Code    56  pstorage.o(.text)
    cmd_queue_init                           0x00018429   Thumb Code    40  pstorage.o(.text)
    swap_state_process                       0x00018451   Thumb Code   578  pstorage.o(.text)
    cmd_process                              0x00018693   Thumb Code   382  pstorage.o(.text)
    cmd_queue_enqueue                        0x00018811   Thumb Code   138  pstorage.o(.text)
    app_notify                               0x0001889b   Thumb Code   100  pstorage.o(.text)
    cmd_queue_dequeue                        0x000188ff   Thumb Code    36  pstorage.o(.text)
    is_word_aligned                          0x0001906f   Thumb Code    18  pstorage.o(.text)
    .text                                    0x00019088   Section        0  app_gpiote.o(.text)
    sense_level_toggle                       0x00019089   Thumb Code   128  app_gpiote.o(.text)
    pins_sense_disable                       0x000191a7   Thumb Code    98  app_gpiote.o(.text)
    NVIC_SetPriority                         0x0001945f   Thumb Code   110  app_gpiote.o(.text)
    .text                                    0x000194f4   Section        0  device_manager_peripheral.o(.text)
    connection_instance_find                 0x000194f5   Thumb Code    64  device_manager_peripheral.o(.text)
    peer_instance_init                       0x00019535   Thumb Code    68  device_manager_peripheral.o(.text)
    device_instance_free                     0x00019579   Thumb Code    44  device_manager_peripheral.o(.text)
    device_instance_find                     0x000195a5   Thumb Code    54  device_manager_peripheral.o(.text)
    connection_instance_init                 0x000195db   Thumb Code    50  device_manager_peripheral.o(.text)
    storage_operation_dummy_handler          0x0001960d   Thumb Code     8  device_manager_peripheral.o(.text)
    gatts_context_store                      0x00019615   Thumb Code   184  device_manager_peripheral.o(.text)
    gattc_context_store                      0x000196cd   Thumb Code     6  device_manager_peripheral.o(.text)
    gatts_context_load                       0x000196d3   Thumb Code    64  device_manager_peripheral.o(.text)
    gattc_context_load                       0x00019713   Thumb Code     6  device_manager_peripheral.o(.text)
    gatts_context_apply                      0x00019719   Thumb Code   116  device_manager_peripheral.o(.text)
    gattc_context_apply                      0x0001978d   Thumb Code     6  device_manager_peripheral.o(.text)
    dm_pstorage_cb_handler                   0x000197ad   Thumb Code   508  device_manager_peripheral.o(.text)
    device_context_store                     0x0001a029   Thumb Code   172  device_manager_peripheral.o(.text)
    update_status_bit_reset                  0x0001a793   Thumb Code    16  device_manager_peripheral.o(.text)
    device_instance_allocate                 0x0001a7a3   Thumb Code   118  device_manager_peripheral.o(.text)
    app_evt_notify                           0x0001a819   Thumb Code    22  device_manager_peripheral.o(.text)
    no_service_context_store                 0x0001a82f   Thumb Code     6  device_manager_peripheral.o(.text)
    gattsc_context_store                     0x0001a835   Thumb Code    30  device_manager_peripheral.o(.text)
    no_service_context_load                  0x0001a853   Thumb Code     6  device_manager_peripheral.o(.text)
    gattsc_context_load                      0x0001a859   Thumb Code    30  device_manager_peripheral.o(.text)
    no_service_context_apply                 0x0001a877   Thumb Code     6  device_manager_peripheral.o(.text)
    gattsc_context_apply                     0x0001a87d   Thumb Code    26  device_manager_peripheral.o(.text)
    .text                                    0x0001a8b0   Section        0  memcmp.o(.text)
    .text                                    0x0001a90a   Section        0  rt_memcpy.o(.text)
    .text                                    0x0001a98c   Section        0  rt_memclr.o(.text)
    .text                                    0x0001a9cc   Section      346  aeabi_sdiv.o(.text)
    .text                                    0x0001ab26   Section        0  heapauxi.o(.text)
    .text                                    0x0001ab2c   Section       62  sys_stackheap_outer.o(.text)
    .text                                    0x0001ab6a   Section        0  exit.o(.text)
    .text                                    0x0001ab78   Section        8  libspace.o(.text)
    .text                                    0x0001ab80   Section        0  sys_exit.o(.text)
    .text                                    0x0001ab8c   Section        2  use_no_semi.o(.text)
    .text                                    0x0001ab8e   Section        0  indicate_semi.o(.text)
    i.__ARM_common_switch8                   0x0001ab8e   Section        0  pstorage.o(i.__ARM_common_switch8)
    .constdata                               0x0001abac   Section        8  main.o(.constdata)
    .constdata                               0x0001abb4   Section       52  device_manager_peripheral.o(.constdata)
    .conststring                             0x0001abe8   Section       69  device_manager_peripheral.o(.conststring)
    .data                                    0x20002000   Section        4  system_nrf51.o(.data)
    __tagsym$$used                           0x20002000   Number         0  system_nrf51.o(.data)
    .data                                    0x20002004   Section        5  main.o(.data)
    m_update_timer_id                        0x20002004   Data           4  main.o(.data)
    m_memory_access_in_progress              0x20002008   Data           1  main.o(.data)
    .data                                    0x2000200c   Section       25  ble_conn_params.o(.data)
    m_preferred_conn_params                  0x2000200c   Data           8  ble_conn_params.o(.data)
    m_update_count                           0x20002014   Data           1  ble_conn_params.o(.data)
    m_conn_handle                            0x20002016   Data           2  ble_conn_params.o(.data)
    m_current_conn_params                    0x20002018   Data           8  ble_conn_params.o(.data)
    m_conn_params_timer_id                   0x20002020   Data           4  ble_conn_params.o(.data)
    m_change_param                           0x20002024   Data           1  ble_conn_params.o(.data)
    .data                                    0x20002028   Section       41  app_timer.o(.data)
    m_node_array_size                        0x20002028   Data           1  app_timer.o(.data)
    mp_nodes                                 0x2000202c   Data           4  app_timer.o(.data)
    m_user_array_size                        0x20002030   Data           1  app_timer.o(.data)
    mp_users                                 0x20002034   Data           4  app_timer.o(.data)
    m_timer_id_head                          0x20002038   Data           4  app_timer.o(.data)
    m_ticks_latest                           0x2000203c   Data           4  app_timer.o(.data)
    m_ticks_elapsed                          0x20002040   Data           8  app_timer.o(.data)
    m_ticks_elapsed_q_read_ind               0x20002048   Data           1  app_timer.o(.data)
    m_ticks_elapsed_q_write_ind              0x20002049   Data           1  app_timer.o(.data)
    m_evt_schedule_func                      0x2000204c   Data           4  app_timer.o(.data)
    m_rtc1_running                           0x20002050   Data           1  app_timer.o(.data)
    .data                                    0x20002054   Section       20  softdevice_handler.o(.data)
    m_evt_schedule_func                      0x20002054   Data           4  softdevice_handler.o(.data)
    m_evt_buffer                             0x20002058   Data           4  softdevice_handler.o(.data)
    m_ble_evt_buffer_size                    0x2000205c   Data           2  softdevice_handler.o(.data)
    m_softdevice_enabled                     0x2000205e   Data           1  softdevice_handler.o(.data)
    m_ble_evt_handler                        0x20002060   Data           4  softdevice_handler.o(.data)
    m_sys_evt_handler                        0x20002064   Data           4  softdevice_handler.o(.data)
    .data                                    0x20002068   Section       12  pstorage.o(.data)
    m_next_app_instance                      0x20002068   Data           2  pstorage.o(.data)
    m_next_page_addr                         0x2000206c   Data           4  pstorage.o(.data)
    m_round_val                              0x20002070   Data           2  pstorage.o(.data)
    m_module_initialized                     0x20002072   Data           1  pstorage.o(.data)
    m_swap_state                             0x20002073   Data           1  pstorage.o(.data)
    .data                                    0x20002074   Section       12  app_gpiote.o(.data)
    m_enabled_users_mask                     0x20002074   Data           4  app_gpiote.o(.data)
    m_user_array_size                        0x20002078   Data           1  app_gpiote.o(.data)
    m_user_count                             0x20002079   Data           1  app_gpiote.o(.data)
    mp_users                                 0x2000207c   Data           4  app_gpiote.o(.data)
    .data                                    0x20002080   Section       20  device_manager_peripheral.o(.data)
    m_storage_handle                         0x20002080   Data           8  device_manager_peripheral.o(.data)
    m_peer_addr_update                       0x20002088   Data           4  device_manager_peripheral.o(.data)
    m_module_initialized                     0x2000208c   Data           1  device_manager_peripheral.o(.data)
    m_irk_index_table                        0x2000208d   Data           7  device_manager_peripheral.o(.data)
    .bss                                     0x20002094   Section      776  main.o(.bss)
    m_lss                                    0x20002094   Data          28  main.o(.bss)
    APP_TIMER_BUF                            0x200020b0   Data         648  main.o(.bss)
    EVT_BUFFER                               0x20002338   Data          80  main.o(.bss)
    adv_params                               0x20002388   Data          20  main.o(.bss)
    .bss                                     0x2000239c   Section       28  ble_conn_params.o(.bss)
    m_conn_params_config                     0x2000239c   Data          28  ble_conn_params.o(.bss)
    .bss                                     0x200023b8   Section      220  pstorage.o(.bss)
    m_cmd_queue                              0x200023b8   Data         204  pstorage.o(.bss)
    m_app_table                              0x20002484   Data          16  pstorage.o(.bss)
    .bss                                     0x20002494   Section      240  device_manager_peripheral.o(.bss)
    m_peer_table                             0x20002494   Data         168  device_manager_peripheral.o(.bss)
    m_bond_table                             0x2000253c   Data          24  device_manager_peripheral.o(.bss)
    m_gatts_table                            0x20002554   Data          24  device_manager_peripheral.o(.bss)
    m_connection_table                       0x2000256c   Data          12  device_manager_peripheral.o(.bss)
    m_application_table                      0x20002578   Data          12  device_manager_peripheral.o(.bss)
    .bss                                     0x20002584   Section       96  libspace.o(.bss)
    HEAP                                     0x200025e8   Section     2048  arm_startup_nrf51.o(HEAP)
    Heap_Mem                                 0x200025e8   Data        2048  arm_startup_nrf51.o(HEAP)
    STACK                                    0x20002de8   Section     2048  arm_startup_nrf51.o(STACK)
    Stack_Mem                                0x20002de8   Data        2048  arm_startup_nrf51.o(STACK)
    __initial_sp                             0x200035e8   Data           0  arm_startup_nrf51.o(STACK)

    Global Symbols

    Symbol Name                              Value     Ov Type        Size  Object(Section)

    BuildAttributes$$THM_ISAv3M$S$PE$A:L22$X:L11$S22$IEEE1$IW$USESV6$~STKCKD$USESV7$~SHL$OSPACE$ROPI$EBA8$UX$STANDARDLIB$REQ8$PRES8$EABIv2 0x00000000   Number         0  anon$$obj.o ABSOLUTE
    __ARM_use_no_argv                        0x00000000   Number         0  main.o ABSOLUTE
    __ARM_exceptions_init                     - Undefined Weak Reference
    __alloca_initialize                       - Undefined Weak Reference
    __cpp_initialize__aeabi_                  - Undefined Weak Reference
    __cxa_finalize                            - Undefined Weak Reference
    __rt_locale                               - Undefined Weak Reference
    __sigvec_lookup                           - Undefined Weak Reference
    _atexit_init                              - Undefined Weak Reference
    _call_atexit_fns                          - Undefined Weak Reference
    _clock_init                               - Undefined Weak Reference
    _fp_trap_init                             - Undefined Weak Reference
    _fp_trap_shutdown                         - Undefined Weak Reference
    _get_lc_collate                           - Undefined Weak Reference
    _get_lc_ctype                             - Undefined Weak Reference
    _get_lc_monetary                          - Undefined Weak Reference
    _get_lc_numeric                           - Undefined Weak Reference
    _get_lc_time                              - Undefined Weak Reference
    _getenv_init                              - Undefined Weak Reference
    _handle_redirection                       - Undefined Weak Reference
    _init_alloc                               - Undefined Weak Reference
    _init_user_alloc                          - Undefined Weak Reference
    _initio                                   - Undefined Weak Reference
    _rand_init                                - Undefined Weak Reference
    _signal_finish                            - Undefined Weak Reference
    _signal_init                              - Undefined Weak Reference
    _terminate_alloc                          - Undefined Weak Reference
    _terminate_user_alloc                     - Undefined Weak Reference
    _terminateio                              - Undefined Weak Reference
    __Vectors_Size                           0x000000c0   Number         0  arm_startup_nrf51.o ABSOLUTE
    __Vectors                                0x00016000   Data           4  arm_startup_nrf51.o(RESET)
    __Vectors_End                            0x000160c0   Data           0  arm_startup_nrf51.o(RESET)
    __main                                   0x000160c1   Thumb Code     8  __main.o(!!!main)
    __scatterload                            0x000160c9   Thumb Code     0  __scatter.o(!!!scatter)
    __scatterload_rt2                        0x000160c9   Thumb Code    52  __scatter.o(!!!scatter)
    __scatterload_rt2_thumb_only             0x000160c9   Thumb Code     0  __scatter.o(!!!scatter)
    __scatterload_null                       0x000160d9   Thumb Code     0  __scatter.o(!!!scatter)
    __scatterload_copy                       0x00016105   Thumb Code    26  __scatter_copy.o(!!handler_copy)
    __scatterload_zeroinit                   0x00016121   Thumb Code    28  __scatter_zi.o(!!handler_zi)
    __rt_lib_init                            0x0001613d   Thumb Code     0  libinit.o(.ARM.Collect$$libinit$$00000000)
    __rt_lib_init_fp_1                       0x0001613f   Thumb Code     0  libinit2.o(.ARM.Collect$$libinit$$00000001)
    __rt_lib_init_alloca_1                   0x00016143   Thumb Code     0  libinit2.o(.ARM.Collect$$libinit$$0000002C)
    __rt_lib_init_argv_1                     0x00016143   Thumb Code     0  libinit2.o(.ARM.Collect$$libinit$$0000002A)
    __rt_lib_init_atexit_1                   0x00016143   Thumb Code     0  libinit2.o(.ARM.Collect$$libinit$$00000019)
    __rt_lib_init_clock_1                    0x00016143   Thumb Code     0  libinit2.o(.ARM.Collect$$libinit$$0000001F)
    __rt_lib_init_cpp_1                      0x00016143   Thumb Code     0  libinit2.o(.ARM.Collect$$libinit$$00000030)
    __rt_lib_init_exceptions_1               0x00016143   Thumb Code     0  libinit2.o(.ARM.Collect$$libinit$$0000002E)
    __rt_lib_init_fp_trap_1                  0x00016143   Thumb Code     0  libinit2.o(.ARM.Collect$$libinit$$0000001D)
    __rt_lib_init_getenv_1                   0x00016143   Thumb Code     0  libinit2.o(.ARM.Collect$$libinit$$00000021)
    __rt_lib_init_heap_1                     0x00016143   Thumb Code     0  libinit2.o(.ARM.Collect$$libinit$$00000008)
    __rt_lib_init_lc_collate_1               0x00016143   Thumb Code     0  libinit2.o(.ARM.Collect$$libinit$$0000000F)
    __rt_lib_init_lc_ctype_1                 0x00016143   Thumb Code     0  libinit2.o(.ARM.Collect$$libinit$$00000011)
    __rt_lib_init_lc_monetary_1              0x00016143   Thumb Code     0  libinit2.o(.ARM.Collect$$libinit$$00000013)
    __rt_lib_init_lc_numeric_1               0x00016143   Thumb Code     0  libinit2.o(.ARM.Collect$$libinit$$00000015)
    __rt_lib_init_lc_time_1                  0x00016143   Thumb Code     0  libinit2.o(.ARM.Collect$$libinit$$00000017)
    __rt_lib_init_rand_1                     0x00016143   Thumb Code     0  libinit2.o(.ARM.Collect$$libinit$$0000000C)
    __rt_lib_init_return                     0x00016143   Thumb Code     0  libinit2.o(.ARM.Collect$$libinit$$00000031)
    __rt_lib_init_signal_1                   0x00016143   Thumb Code     0  libinit2.o(.ARM.Collect$$libinit$$0000001B)
    __rt_lib_init_stdio_1                    0x00016143   Thumb Code     0  libinit2.o(.ARM.Collect$$libinit$$00000023)
    __rt_lib_init_user_alloc_1               0x00016143   Thumb Code     0  libinit2.o(.ARM.Collect$$libinit$$0000000A)
    __rt_lib_shutdown                        0x00016145   Thumb Code     0  libshutdown.o(.ARM.Collect$$libshutdown$$00000000)
    __rt_lib_shutdown_fp_trap_1              0x00016147   Thumb Code     0  libshutdown2.o(.ARM.Collect$$libshutdown$$00000006)
    __rt_lib_shutdown_heap_1                 0x00016147   Thumb Code     0  libshutdown2.o(.ARM.Collect$$libshutdown$$0000000E)
    __rt_lib_shutdown_return                 0x00016147   Thumb Code     0  libshutdown2.o(.ARM.Collect$$libshutdown$$0000000F)
    __rt_lib_shutdown_signal_1               0x00016147   Thumb Code     0  libshutdown2.o(.ARM.Collect$$libshutdown$$00000009)
    __rt_lib_shutdown_stdio_1                0x00016147   Thumb Code     0  libshutdown2.o(.ARM.Collect$$libshutdown$$00000003)
    __rt_lib_shutdown_user_alloc_1           0x00016147   Thumb Code     0  libshutdown2.o(.ARM.Collect$$libshutdown$$0000000B)
    __rt_entry                               0x00016149   Thumb Code     0  rtentry.o(.ARM.Collect$$rtentry$$00000000)
    __rt_entry_presh_1                       0x00016149   Thumb Code     0  rtentry2.o(.ARM.Collect$$rtentry$$00000002)
    __rt_entry_sh                            0x00016149   Thumb Code     0  rtentry4.o(.ARM.Collect$$rtentry$$00000004)
    __rt_entry_li                            0x0001614f   Thumb Code     0  rtentry2.o(.ARM.Collect$$rtentry$$0000000A)
    __rt_entry_postsh_1                      0x0001614f   Thumb Code     0  rtentry2.o(.ARM.Collect$$rtentry$$00000009)
    __rt_entry_main                          0x00016153   Thumb Code     0  rtentry2.o(.ARM.Collect$$rtentry$$0000000D)
    __rt_entry_postli_1                      0x00016153   Thumb Code     0  rtentry2.o(.ARM.Collect$$rtentry$$0000000C)
    __rt_exit                                0x0001615b   Thumb Code     0  rtexit.o(.ARM.Collect$$rtexit$$00000000)
    __rt_exit_ls                             0x0001615d   Thumb Code     0  rtexit2.o(.ARM.Collect$$rtexit$$00000003)
    __rt_exit_prels_1                        0x0001615d   Thumb Code     0  rtexit2.o(.ARM.Collect$$rtexit$$00000002)
    __rt_exit_exit                           0x00016161   Thumb Code     0  rtexit2.o(.ARM.Collect$$rtexit$$00000004)
    __asm___11_app_timer_c_cd27f9c3__nrf_delay_us 0x00016169   Thumb Code    30  app_timer.o(.emb_text)
    __asm___13_simple_uart_c_5dda6715__nrf_delay_us 0x00016189   Thumb Code    30  simple_uart.o(.emb_text)
    __aeabi_memcpy4                          0x000161a9   Thumb Code    56  rt_memcpy.o(.emb_text)
    __aeabi_memcpy8                          0x000161a9   Thumb Code     0  rt_memcpy.o(.emb_text)
    Reset_Handler                            0x000161e1   Thumb Code    26  arm_startup_nrf51.o(.text)
    NMI_Handler                              0x000161fb   Thumb Code     2  arm_startup_nrf51.o(.text)
    HardFault_Handler                        0x000161fd   Thumb Code     2  arm_startup_nrf51.o(.text)
    SVC_Handler                              0x000161ff   Thumb Code     2  arm_startup_nrf51.o(.text)
    PendSV_Handler                           0x00016201   Thumb Code     2  arm_startup_nrf51.o(.text)
    SysTick_Handler                          0x00016203   Thumb Code     2  arm_startup_nrf51.o(.text)
    ADC_IRQHandler                           0x00016205   Thumb Code     0  arm_startup_nrf51.o(.text)
    CCM_AAR_IRQHandler                       0x00016205   Thumb Code     0  arm_startup_nrf51.o(.text)
    ECB_IRQHandler                           0x00016205   Thumb Code     0  arm_startup_nrf51.o(.text)
    LPCOMP_IRQHandler                        0x00016205   Thumb Code     0  arm_startup_nrf51.o(.text)
    POWER_CLOCK_IRQHandler                   0x00016205   Thumb Code     0  arm_startup_nrf51.o(.text)
    QDEC_IRQHandler                          0x00016205   Thumb Code     0  arm_startup_nrf51.o(.text)
    RADIO_IRQHandler                         0x00016205   Thumb Code     0  arm_startup_nrf51.o(.text)
    RNG_IRQHandler                           0x00016205   Thumb Code     0  arm_startup_nrf51.o(.text)
    RTC0_IRQHandler                          0x00016205   Thumb Code     0  arm_startup_nrf51.o(.text)
    SPI0_TWI0_IRQHandler                     0x00016205   Thumb Code     0  arm_startup_nrf51.o(.text)
    SPI1_TWI1_IRQHandler                     0x00016205   Thumb Code     0  arm_startup_nrf51.o(.text)
    SWI1_IRQHandler                          0x00016205   Thumb Code     0  arm_startup_nrf51.o(.text)
    SWI3_IRQHandler                          0x00016205   Thumb Code     0  arm_startup_nrf51.o(.text)
    SWI4_IRQHandler                          0x00016205   Thumb Code     0  arm_startup_nrf51.o(.text)
    SWI5_IRQHandler                          0x00016205   Thumb Code     0  arm_startup_nrf51.o(.text)
    TEMP_IRQHandler                          0x00016205   Thumb Code     0  arm_startup_nrf51.o(.text)
    TIMER0_IRQHandler                        0x00016205   Thumb Code     0  arm_startup_nrf51.o(.text)
    TIMER1_IRQHandler                        0x00016205   Thumb Code     0  arm_startup_nrf51.o(.text)
    TIMER2_IRQHandler                        0x00016205   Thumb Code     0  arm_startup_nrf51.o(.text)
    UART0_IRQHandler                         0x00016205   Thumb Code     0  arm_startup_nrf51.o(.text)
    WDT_IRQHandler                           0x00016205   Thumb Code     0  arm_startup_nrf51.o(.text)
    __user_initial_stackheap                 0x00016209   Thumb Code     0  arm_startup_nrf51.o(.text)
    SystemCoreClockUpdate                    0x00016235   Thumb Code     8  system_nrf51.o(.text)
    SystemInit                               0x000162d9   Thumb Code    38  system_nrf51.o(.text)
    app_error_handler                        0x0001631d   Thumb Code    22  main.o(.text)
    assert_nrf_callback                      0x00016333   Thumb Code    14  main.o(.text)
    advertising_start                        0x000166c9   Thumb Code   136  main.o(.text)
    main                                     0x00016869   Thumb Code    96  main.o(.text)
    led_setState                             0x000168e9   Thumb Code    72  led.o(.text)
    led_init                                 0x00016931   Thumb Code    28  led.o(.text)
    ble_lss_init                             0x00016b6d   Thumb Code    96  lss.o(.text)
    ble_lss_on_ble_evt                       0x00016c91   Thumb Code    58  lss.o(.text)
    ble_conn_params_init                     0x00016d7b   Thumb Code    90  ble_conn_params.o(.text)
    ble_conn_params_stop                     0x00016dd5   Thumb Code    12  ble_conn_params.o(.text)
    ble_conn_params_on_ble_evt               0x00016f23   Thumb Code    62  ble_conn_params.o(.text)
    ble_conn_params_change_conn_params       0x00016f61   Thumb Code    86  ble_conn_params.o(.text)
    ble_advdata_set                          0x0001754d   Thumb Code   122  ble_advdata.o(.text)
    RTC1_IRQHandler                          0x00017db3   Thumb Code    34  app_timer.o(.text)
    SWI0_IRQHandler                          0x00017dd5   Thumb Code     8  app_timer.o(.text)
    app_timer_init                           0x00017ddd   Thumb Code   250  app_timer.o(.text)
    app_timer_create                         0x00017ed7   Thumb Code   108  app_timer.o(.text)
    app_timer_start                          0x00017f65   Thumb Code    98  app_timer.o(.text)
    app_timer_stop                           0x00017fc7   Thumb Code    60  app_timer.o(.text)
    app_timer_stop_all                       0x00018003   Thumb Code    26  app_timer.o(.text)
    app_timer_cnt_get                        0x0001801d   Thumb Code    14  app_timer.o(.text)
    app_timer_cnt_diff_compute               0x0001802b   Thumb Code    22  app_timer.o(.text)
    softdevice_assertion_handler             0x00018101   Thumb Code    18  softdevice_handler.o(.text)
    intern_softdevice_events_execute         0x00018113   Thumb Code   168  softdevice_handler.o(.text)
    softdevice_handler_init                  0x000181bb   Thumb Code    84  softdevice_handler.o(.text)
    softdevice_handler_sd_disable            0x0001820f   Thumb Code    24  softdevice_handler.o(.text)
    softdevice_ble_evt_handler_set           0x00018227   Thumb Code    18  softdevice_handler.o(.text)
    softdevice_sys_evt_handler_set           0x00018239   Thumb Code    18  softdevice_handler.o(.text)
    SWI2_IRQHandler                          0x0001824b   Thumb Code    52  softdevice_handler.o(.text)
    simple_uart_get                          0x000182d5   Thumb Code    24  simple_uart.o(.text)
    simple_uart_get_with_timeout             0x000182ed   Thumb Code    62  simple_uart.o(.text)
    simple_uart_put                          0x0001832b   Thumb Code    22  simple_uart.o(.text)
    simple_uart_putstring                    0x00018341   Thumb Code    32  simple_uart.o(.text)
    simple_uart_config                       0x00018361   Thumb Code    90  simple_uart.o(.text)
    pstorage_sys_event_handler               0x00018923   Thumb Code   326  pstorage.o(.text)
    pstorage_init                            0x00018a69   Thumb Code   196  pstorage.o(.text)
    pstorage_register                        0x00018b2d   Thumb Code   360  pstorage.o(.text)
    pstorage_block_identifier_get            0x00018c95   Thumb Code   136  pstorage.o(.text)
    pstorage_store                           0x00018d1d   Thumb Code   202  pstorage.o(.text)
    pstorage_update                          0x00018de7   Thumb Code   202  pstorage.o(.text)
    pstorage_load                            0x00018eb1   Thumb Code   226  pstorage.o(.text)
    pstorage_clear                           0x00018f93   Thumb Code   184  pstorage.o(.text)
    pstorage_access_status_get               0x0001904b   Thumb Code    36  pstorage.o(.text)
    GPIOTE_IRQHandler                        0x00019109   Thumb Code   158  app_gpiote.o(.text)
    app_gpiote_init                          0x00019209   Thumb Code   116  app_gpiote.o(.text)
    app_gpiote_user_register                 0x0001927d   Thumb Code   138  app_gpiote.o(.text)
    app_gpiote_user_enable                   0x00019307   Thumb Code   226  app_gpiote.o(.text)
    app_gpiote_user_disable                  0x000193e9   Thumb Code    66  app_gpiote.o(.text)
    app_gpiote_pins_state_get                0x0001942b   Thumb Code    52  app_gpiote.o(.text)
    dm_handle_initialize                     0x00019793   Thumb Code    26  device_manager_peripheral.o(.text)
    dm_init                                  0x000199a9   Thumb Code   222  device_manager_peripheral.o(.text)
    dm_register                              0x00019a87   Thumb Code    98  device_manager_peripheral.o(.text)
    dm_security_setup_req                    0x00019ae9   Thumb Code   140  device_manager_peripheral.o(.text)
    dm_security_status_req                   0x00019b75   Thumb Code   158  device_manager_peripheral.o(.text)
    dm_whitelist_create                      0x00019c13   Thumb Code   194  device_manager_peripheral.o(.text)
    dm_device_add                            0x00019cd5   Thumb Code     8  device_manager_peripheral.o(.text)
    dm_device_delete                         0x00019cdd   Thumb Code   142  device_manager_peripheral.o(.text)
    dm_device_delete_all                     0x00019d6b   Thumb Code    96  device_manager_peripheral.o(.text)
    dm_service_context_set                   0x00019dcb   Thumb Code   210  device_manager_peripheral.o(.text)
    dm_service_context_get                   0x00019e9d   Thumb Code   204  device_manager_peripheral.o(.text)
    dm_service_context_delete                0x00019f69   Thumb Code    94  device_manager_peripheral.o(.text)
    dm_application_context_set               0x00019fc7   Thumb Code     8  device_manager_peripheral.o(.text)
    dm_application_context_get               0x00019fcf   Thumb Code     8  device_manager_peripheral.o(.text)
    dm_application_context_delete            0x00019fd7   Thumb Code     8  device_manager_peripheral.o(.text)
    dm_application_instance_set              0x00019fdf   Thumb Code    74  device_manager_peripheral.o(.text)
    dm_peer_addr_set                         0x0001a0d5   Thumb Code   230  device_manager_peripheral.o(.text)
    dm_peer_addr_get                         0x0001a1bb   Thumb Code   180  device_manager_peripheral.o(.text)
    dm_ble_evt_handler                       0x0001a26f   Thumb Code  1316  device_manager_peripheral.o(.text)
    memcmp                                   0x0001a8b1   Thumb Code    90  memcmp.o(.text)
    __aeabi_memcpy                           0x0001a90b   Thumb Code   130  rt_memcpy.o(.text)
    __rt_memcpy                              0x0001a90b   Thumb Code     0  rt_memcpy.o(.text)
    _memset_w                                0x0001a98d   Thumb Code    26  rt_memclr.o(.text)
    _memset                                  0x0001a9a7   Thumb Code    30  rt_memclr.o(.text)
    __aeabi_memclr                           0x0001a9c5   Thumb Code     4  rt_memclr.o(.text)
    __rt_memclr                              0x0001a9c5   Thumb Code     0  rt_memclr.o(.text)
    __aeabi_memclr4                          0x0001a9c9   Thumb Code     0  rt_memclr.o(.text)
    __aeabi_memclr8                          0x0001a9c9   Thumb Code     0  rt_memclr.o(.text)
    __rt_memclr_w                            0x0001a9c9   Thumb Code     4  rt_memclr.o(.text)
    __aeabi_uidiv                            0x0001a9cd   Thumb Code     0  aeabi_sdiv.o(.text)
    __aeabi_uidivmod                         0x0001a9cd   Thumb Code    20  aeabi_sdiv.o(.text)
    __aeabi_idiv                             0x0001a9e1   Thumb Code     0  aeabi_sdiv.o(.text)
    __aeabi_idivmod                          0x0001a9e1   Thumb Code   326  aeabi_sdiv.o(.text)
    __use_two_region_memory                  0x0001ab27   Thumb Code     2  heapauxi.o(.text)
    __rt_heap_escrow$2region                 0x0001ab29   Thumb Code     2  heapauxi.o(.text)
    __rt_heap_expand$2region                 0x0001ab2b   Thumb Code     2  heapauxi.o(.text)
    __user_setup_stackheap                   0x0001ab2d   Thumb Code    62  sys_stackheap_outer.o(.text)
    exit                                     0x0001ab6b   Thumb Code    12  exit.o(.text)
    __user_libspace                          0x0001ab79   Thumb Code     8  libspace.o(.text)
    __user_perproc_libspace                  0x0001ab79   Thumb Code     0  libspace.o(.text)
    __user_perthread_libspace                0x0001ab79   Thumb Code     0  libspace.o(.text)
    _sys_exit                                0x0001ab81   Thumb Code     8  sys_exit.o(.text)
    __I$use$semihosting                      0x0001ab8d   Thumb Code     0  use_no_semi.o(.text)
    __use_no_semihosting_swi                 0x0001ab8d   Thumb Code     2  use_no_semi.o(.text)
    __ARM_common_switch8                     0x0001ab8f   Thumb Code    28  pstorage.o(i.__ARM_common_switch8)
    __semihosting_library_function           0x0001ab8f   Thumb Code     0  indicate_semi.o(.text)
    m_service_context_store                  0x0001abb4   Data          16  device_manager_peripheral.o(.constdata)
    m_service_context_load                   0x0001abc4   Data          16  device_manager_peripheral.o(.constdata)
    m_service_context_apply                  0x0001abd4   Data          16  device_manager_peripheral.o(.constdata)
    m_context_init_len                       0x0001abe4   Data           4  device_manager_peripheral.o(.constdata)
    Region$$Table$$Base                      0x0001ac30   Number         0  anon$$obj.o(Region$$Table)
    Region$$Table$$Limit                     0x0001ac50   Number         0  anon$$obj.o(Region$$Table)
    SystemCoreClock                          0x20002000   Data           4  system_nrf51.o(.data)
    __libspace_start                         0x20002584   Data          96  libspace.o(.bss)
    __temporary_stack_top$libspace           0x200025e4   Data           0  libspace.o(.bss)



==============================================================================

Memory Map of the image

  Image Entry point : 0x000160c1

  Load Region LR_IROM1 (Base: 0x00016000, Size: 0x00004ce4, Max: 0x00029000, ABSOLUTE)

    Execution Region ER_IROM1 (Base: 0x00016000, Size: 0x00004c50, Max: 0x00029000, ABSOLUTE)

    Base Addr    Size         Type   Attr      Idx    E Section Name        Object

    0x00016000   0x000000c0   Data   RO            3    RESET               arm_startup_nrf51.o
    0x000160c0   0x00000008   Code   RO          724  * !!!main             c_p.l(__main.o)
    0x000160c8   0x0000003c   Code   RO          890    !!!scatter          c_p.l(__scatter.o)
    0x00016104   0x0000001a   Code   RO          892    !!handler_copy      c_p.l(__scatter_copy.o)
    0x0001611e   0x00000002   PAD
    0x00016120   0x0000001c   Code   RO          894    !!handler_zi        c_p.l(__scatter_zi.o)
    0x0001613c   0x00000002   Code   RO          762    .ARM.Collect$$libinit$$00000000  c_p.l(libinit.o)
    0x0001613e   0x00000004   Code   RO          775    .ARM.Collect$$libinit$$00000001  c_p.l(libinit2.o)
    0x00016142   0x00000000   Code   RO          779    .ARM.Collect$$libinit$$00000008  c_p.l(libinit2.o)
    0x00016142   0x00000000   Code   RO          781    .ARM.Collect$$libinit$$0000000A  c_p.l(libinit2.o)
    0x00016142   0x00000000   Code   RO          783    .ARM.Collect$$libinit$$0000000C  c_p.l(libinit2.o)
    0x00016142   0x00000000   Code   RO          786    .ARM.Collect$$libinit$$0000000F  c_p.l(libinit2.o)
    0x00016142   0x00000000   Code   RO          788    .ARM.Collect$$libinit$$00000011  c_p.l(libinit2.o)
    0x00016142   0x00000000   Code   RO          790    .ARM.Collect$$libinit$$00000013  c_p.l(libinit2.o)
    0x00016142   0x00000000   Code   RO          792    .ARM.Collect$$libinit$$00000015  c_p.l(libinit2.o)
    0x00016142   0x00000000   Code   RO          794    .ARM.Collect$$libinit$$00000017  c_p.l(libinit2.o)
    0x00016142   0x00000000   Code   RO          796    .ARM.Collect$$libinit$$00000019  c_p.l(libinit2.o)
    0x00016142   0x00000000   Code   RO          798    .ARM.Collect$$libinit$$0000001B  c_p.l(libinit2.o)
    0x00016142   0x00000000   Code   RO          800    .ARM.Collect$$libinit$$0000001D  c_p.l(libinit2.o)
    0x00016142   0x00000000   Code   RO          802    .ARM.Collect$$libinit$$0000001F  c_p.l(libinit2.o)
    0x00016142   0x00000000   Code   RO          804    .ARM.Collect$$libinit$$00000021  c_p.l(libinit2.o)
    0x00016142   0x00000000   Code   RO          806    .ARM.Collect$$libinit$$00000023  c_p.l(libinit2.o)
    0x00016142   0x00000000   Code   RO          810    .ARM.Collect$$libinit$$0000002A  c_p.l(libinit2.o)
    0x00016142   0x00000000   Code   RO          812    .ARM.Collect$$libinit$$0000002C  c_p.l(libinit2.o)
    0x00016142   0x00000000   Code   RO          814    .ARM.Collect$$libinit$$0000002E  c_p.l(libinit2.o)
    0x00016142   0x00000000   Code   RO          816    .ARM.Collect$$libinit$$00000030  c_p.l(libinit2.o)
    0x00016142   0x00000002   Code   RO          817    .ARM.Collect$$libinit$$00000031  c_p.l(libinit2.o)
    0x00016144   0x00000002   Code   RO          848    .ARM.Collect$$libshutdown$$00000000  c_p.l(libshutdown.o)
    0x00016146   0x00000000   Code   RO          875    .ARM.Collect$$libshutdown$$00000003  c_p.l(libshutdown2.o)
    0x00016146   0x00000000   Code   RO          878    .ARM.Collect$$libshutdown$$00000006  c_p.l(libshutdown2.o)
    0x00016146   0x00000000   Code   RO          881    .ARM.Collect$$libshutdown$$00000009  c_p.l(libshutdown2.o)
    0x00016146   0x00000000   Code   RO          883    .ARM.Collect$$libshutdown$$0000000B  c_p.l(libshutdown2.o)
    0x00016146   0x00000000   Code   RO          886    .ARM.Collect$$libshutdown$$0000000E  c_p.l(libshutdown2.o)
    0x00016146   0x00000002   Code   RO          887    .ARM.Collect$$libshutdown$$0000000F  c_p.l(libshutdown2.o)
    0x00016148   0x00000000   Code   RO          726    .ARM.Collect$$rtentry$$00000000  c_p.l(rtentry.o)
    0x00016148   0x00000000   Code   RO          732    .ARM.Collect$$rtentry$$00000002  c_p.l(rtentry2.o)
    0x00016148   0x00000006   Code   RO          744    .ARM.Collect$$rtentry$$00000004  c_p.l(rtentry4.o)
    0x0001614e   0x00000000   Code   RO          734    .ARM.Collect$$rtentry$$00000009  c_p.l(rtentry2.o)
    0x0001614e   0x00000004   Code   RO          735    .ARM.Collect$$rtentry$$0000000A  c_p.l(rtentry2.o)
    0x00016152   0x00000000   Code   RO          737    .ARM.Collect$$rtentry$$0000000C  c_p.l(rtentry2.o)
    0x00016152   0x00000008   Code   RO          738    .ARM.Collect$$rtentry$$0000000D  c_p.l(rtentry2.o)
    0x0001615a   0x00000002   Code   RO          767    .ARM.Collect$$rtexit$$00000000  c_p.l(rtexit.o)
    0x0001615c   0x00000000   Code   RO          821    .ARM.Collect$$rtexit$$00000002  c_p.l(rtexit2.o)
    0x0001615c   0x00000004   Code   RO          822    .ARM.Collect$$rtexit$$00000003  c_p.l(rtexit2.o)
    0x00016160   0x00000006   Code   RO          823    .ARM.Collect$$rtexit$$00000004  c_p.l(rtexit2.o)
    0x00016166   0x00000002   PAD
    0x00016168   0x0000001e   Code   RO          419    .emb_text           app_timer.o
    0x00016186   0x00000002   PAD
    0x00016188   0x0000001e   Code   RO          540    .emb_text           simple_uart.o
    0x000161a6   0x00000002   PAD
    0x000161a8   0x00000038   Code   RO          712    .emb_text           c_p.l(rt_memcpy.o)
    0x000161e0   0x00000054   Code   RO            4    .text               arm_startup_nrf51.o
    0x00016234   0x000000e8   Code   RO           12    .text               system_nrf51.o
    0x0001631c   0x000005cc   Code   RO           69    .text               main.o
    0x000168e8   0x00000090   Code   RO          239    .text               led.o
    0x00016978   0x0000035c   Code   RO          308    .text               lss.o
    0x00016cd4   0x00000308   Code   RO          323    .text               ble_conn_params.o
    0x00016fdc   0x00000600   Code   RO          360    .text               ble_advdata.o
    0x000175dc   0x00000b24   Code   RO          420    .text               app_timer.o
    0x00018100   0x000001d4   Code   RO          473    .text               softdevice_handler.o
    0x000182d4   0x0000011c   Code   RO          541    .text               simple_uart.o
    0x000183f0   0x00000c98   Code   RO          567    .text               pstorage.o
    0x00019088   0x0000046c   Code   RO          635    .text               app_gpiote.o
    0x000194f4   0x000013bc   Code   RO          667    .text               device_manager_peripheral.o
    0x0001a8b0   0x0000005a   Code   RO          708    .text               c_p.l(memcmp.o)
    0x0001a90a   0x00000082   Code   RO          713    .text               c_p.l(rt_memcpy.o)
    0x0001a98c   0x00000040   Code   RO          716    .text               c_p.l(rt_memclr.o)
    0x0001a9cc   0x0000015a   Code   RO          718    .text               c_p.l(aeabi_sdiv.o)
    0x0001ab26   0x00000006   Code   RO          722    .text               c_p.l(heapauxi.o)
    0x0001ab2c   0x0000003e   Code   RO          748    .text               c_p.l(sys_stackheap_outer.o)
    0x0001ab6a   0x0000000c   Code   RO          751    .text               c_p.l(exit.o)
    0x0001ab76   0x00000002   PAD
    0x0001ab78   0x00000008   Code   RO          763    .text               c_p.l(libspace.o)
    0x0001ab80   0x0000000c   Code   RO          818    .text               c_p.l(sys_exit.o)
    0x0001ab8c   0x00000002   Code   RO          837    .text               c_p.l(use_no_semi.o)
    0x0001ab8e   0x00000000   Code   RO          839    .text               c_p.l(indicate_semi.o)
    0x0001ab8e   0x0000001c   Code   RO          585    i.__ARM_common_switch8  pstorage.o
    0x0001abaa   0x00000002   PAD
    0x0001abac   0x00000008   Data   RO           71    .constdata          main.o
    0x0001abb4   0x00000034   Data   RO          669    .constdata          device_manager_peripheral.o
    0x0001abe8   0x00000045   Data   RO          670    .conststring        device_manager_peripheral.o
    0x0001ac2d   0x00000003   PAD
    0x0001ac30   0x00000020   Data   RO          888    Region$$Table       anon$$obj.o


    Execution Region RW_IRAM1 (Base: 0x20002000, Size: 0x000015e8, Max: 0x00002000, ABSOLUTE)

    Base Addr    Size         Type   Attr      Idx    E Section Name        Object

    0x20002000   0x00000004   Data   RW           13    .data               system_nrf51.o
    0x20002004   0x00000005   Data   RW           72    .data               main.o
    0x20002009   0x00000003   PAD
    0x2000200c   0x00000019   Data   RW          325    .data               ble_conn_params.o
    0x20002025   0x00000003   PAD
    0x20002028   0x00000029   Data   RW          421    .data               app_timer.o
    0x20002051   0x00000003   PAD
    0x20002054   0x00000014   Data   RW          474    .data               softdevice_handler.o
    0x20002068   0x0000000c   Data   RW          569    .data               pstorage.o
    0x20002074   0x0000000c   Data   RW          636    .data               app_gpiote.o
    0x20002080   0x00000014   Data   RW          671    .data               device_manager_peripheral.o
    0x20002094   0x00000308   Zero   RW           70    .bss                main.o
    0x2000239c   0x0000001c   Zero   RW          324    .bss                ble_conn_params.o
    0x200023b8   0x000000dc   Zero   RW          568    .bss                pstorage.o
    0x20002494   0x000000f0   Zero   RW          668    .bss                device_manager_peripheral.o
    0x20002584   0x00000060   Zero   RW          764    .bss                c_p.l(libspace.o)
    0x200025e4   0x00000004   PAD
    0x200025e8   0x00000800   Zero   RW            2    HEAP                arm_startup_nrf51.o
    0x20002de8   0x00000800   Zero   RW            1    STACK               arm_startup_nrf51.o


==============================================================================

Image component sizes


      Code (inc. data)   RO Data    RW Data    ZI Data      Debug   Object Name

      1132         40          0         12          0      11706   app_gpiote.o
      2882        202          0         41          0      24921   app_timer.o
        84         36        192          0       4096        712   arm_startup_nrf51.o
      1536          4          0          0          0       9990   ble_advdata.o
         0          0          0          0          0      33652   ble_bas.o
       776         38          0         25         28       7442   ble_conn_params.o
      5052        224        121         20        240      24217   device_manager_peripheral.o
       144          6          0          0          0       3380   led.o
       860         10          0          0          0       4914   lss.o
      1484        106          8          5        776      73371   main.o
      3252         90          0         12        220      12182   pstorage.o
       314         16          0          0          0       4924   simple_uart.o
       468         86          0         20          0      35824   softdevice_handler.o
       232         30          0          4          0      21477   system_nrf51.o

    ----------------------------------------------------------------------
     18222        888        356        148       5360     268712   Object Totals
         0          0         32          0          0          0   (incl. Generated)
         6          0          3          9          0          0   (incl. Padding)

    ----------------------------------------------------------------------

      Code (inc. data)   RO Data    RW Data    ZI Data      Debug   Library Member Name

         8          0          0          0          0         68   __main.o
        60          8          0          0          0          0   __scatter.o
        26          0          0          0          0          0   __scatter_copy.o
        28          0          0          0          0          0   __scatter_zi.o
       346          0          0          0          0         92   aeabi_sdiv.o
        12          0          0          0          0         64   exit.o
         6          0          0          0          0        136   heapauxi.o
         0          0          0          0          0          0   indicate_semi.o
         2          0          0          0          0          0   libinit.o
         6          0          0          0          0          0   libinit2.o
         2          0          0          0          0          0   libshutdown.o
         2          0          0          0          0          0   libshutdown2.o
         8          4          0          0         96         68   libspace.o
        90          0          0          0          0         68   memcmp.o
        64          0          0          0          0        108   rt_memclr.o
       186          0          0          0          0        144   rt_memcpy.o
         0          0          0          0          0          0   rtentry.o
        12          0          0          0          0          0   rtentry2.o
         6          0          0          0          0          0   rtentry4.o
         2          0          0          0          0          0   rtexit.o
        10          0          0          0          0          0   rtexit2.o
        12          4          0          0          0         60   sys_exit.o
        62          0          0          0          0         80   sys_stackheap_outer.o
         2          0          0          0          0         68   use_no_semi.o

    ----------------------------------------------------------------------
       958         16          0          0        100        956   Library Totals
         6          0          0          0          4          0   (incl. Padding)

    ----------------------------------------------------------------------

      Code (inc. data)   RO Data    RW Data    ZI Data      Debug   Library Name

       952         16          0          0         96        956   c_p.l

    ----------------------------------------------------------------------
       958         16          0          0        100        956   Library Totals

    ----------------------------------------------------------------------

==============================================================================


      Code (inc. data)   RO Data    RW Data    ZI Data      Debug   

     19180        904        356        148       5460     268400   Grand Totals
     19180        904        356        148       5460     268400   ELF Image Totals
     19180        904        356        148          0          0   ROM Totals

==============================================================================

    Total RO  Size (Code + RO Data)                19536 (  19.08kB)
    Total RW  Size (RW Data + ZI Data)              5608 (   5.48kB)
    Total ROM Size (Code + RO Data + RW Data)      19684 (  19.22kB)

==============================================================================

