Product: MDK-ARM Lite 5.10
Component: ARM Compiler 5.04 update 1 (build 49)
Tool: armlink [5040049]

==============================================================================

Section Cross References

    arm_startup_nrf51.o(STACK) refers (Special) to heapauxi.o(.text) for __use_two_region_memory
    arm_startup_nrf51.o(HEAP) refers (Special) to heapauxi.o(.text) for __use_two_region_memory
    arm_startup_nrf51.o(RESET) refers (Special) to heapauxi.o(.text) for __use_two_region_memory
    arm_startup_nrf51.o(RESET) refers to arm_startup_nrf51.o(STACK) for __initial_sp
    arm_startup_nrf51.o(RESET) refers to arm_startup_nrf51.o(.text) for Reset_Handler
    arm_startup_nrf51.o(RESET) refers to modbus.o(.text) for UART0_IRQHandler
    arm_startup_nrf51.o(RESET) refers to app_gpiote.o(.text) for GPIOTE_IRQHandler
    arm_startup_nrf51.o(RESET) refers to app_timer.o(.text) for RTC1_IRQHandler
    arm_startup_nrf51.o(RESET) refers to softdevice_handler.o(.text) for SWI2_IRQHandler
    arm_startup_nrf51.o(.text) refers (Special) to heapauxi.o(.text) for __use_two_region_memory
    arm_startup_nrf51.o(.text) refers to system_nrf51.o(.text) for SystemInit
    arm_startup_nrf51.o(.text) refers to __main.o(!!!main) for __main
    arm_startup_nrf51.o(.text) refers to arm_startup_nrf51.o(HEAP) for Heap_Mem
    arm_startup_nrf51.o(.text) refers to arm_startup_nrf51.o(STACK) for Stack_Mem
    system_nrf51.o(.text) refers to system_nrf51.o(.data) for SystemCoreClock
    main.o(.text) refers to app_gpiote.o(.text) for app_gpiote_init
    main.o(.text) refers to devices.o(.text) for bt_clean_list
    main.o(.text) refers to app_button.o(.text) for app_button_init
    main.o(.text) refers to app_timer.o(.text) for app_timer_init
    main.o(.text) refers to modbus.o(.text) for mb_send_write_rsp
    main.o(.text) refers to rt_memcpy.o(.text) for __aeabi_memcpy
    main.o(.text) refers to device_manager_central.o(.text) for dm_ble_evt_handler
    main.o(.text) refers to pstorage.o(.text) for pstorage_sys_event_handler
    main.o(.text) refers to softdevice_handler.o(.text) for softdevice_handler_init
    main.o(.text) refers to app_scheduler.o(.text) for app_sched_init
    main.o(.text) refers to main.o(.bss) for app_gpiote_buf
    main.o(.text) refers to main.o(.data) for buttons
    main.o(.data) refers to main.o(.text) for button_event_handler
    devices.o(.text) refers to memcmp.o(.text) for memcmp
    devices.o(.text) refers to rt_memclr.o(.text) for __aeabi_memclr
    devices.o(.text) refers to rt_memcpy.o(.text) for __aeabi_memcpy
    devices.o(.text) refers to pstorage.o(.text) for pstorage_access_status_get
    devices.o(.text) refers to main.o(.text) for app_error_handler
    devices.o(.text) refers to devices.o(.bss) for g_devs_list
    devices.o(.text) refers to modbus.o(.bss) for g_memory
    devices.o(.text) refers to main.o(.data) for m_memory_access_in_progress
    devices.o(.text) refers to devices.o(.data) for g_conn_dev_idx
    devices.o(.text) refers to devices.o(.constdata) for g_connection_param
    modbus.o(.text) refers to rt_memcpy.o(.text) for __aeabi_memcpy
    modbus.o(.text) refers to devices.o(.text) for bt_connect
    modbus.o(.text) refers to modbus.o(.data) for g_bytes_in_rsp_buffer
    modbus.o(.text) refers to modbus.o(.bss) for g_buffer
    modbus.o(.text) refers to app_scheduler.o(.text) for app_sched_event_put
    modbus.o(.text) refers to main.o(.text) for app_error_handler
    app_trace.o(.text) refers to _printf_pad.o(.text) for _printf_pre_padding
    app_trace.o(.text) refers to _printf_percent.o(.ARM.Collect$$_printf_percent$$00000000) for _printf_percent
    app_trace.o(.text) refers to _printf_x.o(.ARM.Collect$$_printf_percent$$0000000C) for _printf_x
    app_trace.o(.text) refers to _printf_hex_int.o(.text) for _printf_longlong_hex
    app_trace.o(.text) refers to simple_uart.o(.text) for simple_uart_config
    app_trace.o(.text) refers to noretval__2printf.o(.text) for __2printf
    simple_uart.o(.text) refers to simple_uart.o(.emb_text) for __asm___13_simple_uart_c_5dda6715__nrf_delay_us
    pstorage.o(.text) refers to pstorage.o(i.__ARM_common_switch8) for __ARM_common_switch8
    pstorage.o(.text) refers to aeabi_sdiv.o(.text) for __aeabi_uidivmod
    pstorage.o(.text) refers to pstorage.o(.bss) for m_cmd_queue
    pstorage.o(.text) refers to pstorage.o(.data) for m_round_val
    pstorage.o(.text) refers to rt_memcpy.o(.text) for __aeabi_memcpy
    device_manager_central.o(.text) refers to rt_memclr.o(.text) for __aeabi_memclr
    device_manager_central.o(.text) refers to pstorage.o(.text) for pstorage_block_identifier_get
    device_manager_central.o(.text) refers to memcmp.o(.text) for memcmp
    device_manager_central.o(.text) refers to rt_memcpy.o(.text) for __aeabi_memcpy
    device_manager_central.o(.text) refers to device_manager_central.o(.bss) for m_connection_table
[...]
    app_timer.o(.text) refers to main.o(.text) for app_error_handler
    app_timer.o(.text) refers to app_timer.o(.data) for m_rtc1_running
    softdevice_handler.o(.text) refers to main.o(.text) for assert_nrf_callback
    softdevice_handler.o(.text) refers to softdevice_handler.o(.data) for m_softdevice_enabled
    app_scheduler.o(.text) refers to main.o(.text) for app_error_handler
    app_scheduler.o(.text) refers to rt_memcpy.o(.text) for __aeabi_memcpy
    app_scheduler.o(.text) refers to app_scheduler.o(.data) for m_queue_event_headers
    __2printf.o(.text) refers to _printf_char_file.o(.text) for _printf_char_file
    __2printf.o(.text) refers to app_trace.o(.data) for __stdout
    noretval__2printf.o(.text) refers to _printf_char_file.o(.text) for _printf_char_file
    noretval__2printf.o(.text) refers to app_trace.o(.data) for __stdout
    __printf.o(.text) refers to _printf_percent.o(.ARM.Collect$$_printf_percent$$00000000) for _printf_percent
    _printf_hex_ll.o(.text) refers to _printf_intcommon.o(.text) for _printf_int_common
    _printf_hex_ll.o(.text) refers to _printf_hex_ll.o(.constdata) for .constdata
    _printf_hex_int.o(.text) refers to _printf_intcommon.o(.text) for _printf_int_common
    _printf_hex_int.o(.text) refers to _printf_hex_int.o(.constdata) for .constdata
    _printf_hex_int_ll.o(.text) refers to _printf_intcommon.o(.text) for _printf_int_common
    _printf_hex_int_ll.o(.text) refers to _printf_hex_int_ll.o(.constdata) for .constdata
    _printf_hex_ptr.o(.text) refers to _printf_intcommon.o(.text) for _printf_int_common
    _printf_hex_ptr.o(.text) refers to _printf_hex_ptr.o(.constdata) for .constdata
    _printf_hex_int_ptr.o(.text) refers to _printf_intcommon.o(.text) for _printf_int_common
    _printf_hex_int_ptr.o(.text) refers to _printf_hex_int_ptr.o(.constdata) for .constdata
    _printf_hex_ll_ptr.o(.text) refers to _printf_intcommon.o(.text) for _printf_int_common
    _printf_hex_ll_ptr.o(.text) refers to _printf_hex_ll_ptr.o(.constdata) for .constdata
    _printf_hex_int_ll_ptr.o(.text) refers to _printf_intcommon.o(.text) for _printf_int_common
    _printf_hex_int_ll_ptr.o(.text) refers to _printf_hex_int_ll_ptr.o(.constdata) for .constdata
    __printf_flags.o(.text) refers to _printf_percent.o(.ARM.Collect$$_printf_percent$$00000000) for _printf_percent
    __printf_flags.o(.text) refers to __printf_flags.o(.constdata) for .constdata
    __printf_ss.o(.text) refers to _printf_percent.o(.ARM.Collect$$_printf_percent$$00000000) for _printf_percent
    __printf_flags_ss.o(.text) refers to _printf_percent.o(.ARM.Collect$$_printf_percent$$00000000) for _printf_percent
    __printf_flags_ss.o(.text) refers to __printf_flags_ss.o(.constdata) for .constdata
    __printf_wp.o(.text) refers to __printf_wp.o(i._is_digit) for _is_digit
    __printf_wp.o(.text) refers to _printf_percent.o(.ARM.Collect$$_printf_percent$$00000000) for _printf_percent
    __printf_flags_wp.o(.text) refers to __printf_wp.o(i._is_digit) for _is_digit
    __printf_flags_wp.o(.text) refers to _printf_percent.o(.ARM.Collect$$_printf_percent$$00000000) for _printf_percent
    __printf_flags_wp.o(.text) refers to __printf_flags_wp.o(.constdata) for .constdata
    __printf_ss_wp.o(.text) refers to __printf_wp.o(i._is_digit) for _is_digit
    __printf_ss_wp.o(.text) refers to _printf_percent.o(.ARM.Collect$$_printf_percent$$00000000) for _printf_percent
    __printf_flags_ss_wp.o(.text) refers to __printf_wp.o(i._is_digit) for _is_digit
    __printf_flags_ss_wp.o(.text) refers to _printf_percent.o(.ARM.Collect$$_printf_percent$$00000000) for _printf_percent
    __printf_flags_ss_wp.o(.text) refers to __printf_flags_ss_wp.o(.constdata) for .constdata
    _printf_x.o(.ARM.Collect$$_printf_percent$$0000000C) refers (Weak) to _printf_hex_int.o(.text) for _printf_int_hex
    _printf_percent.o(.ARM.Collect$$_printf_percent$$00000000) refers (Special) to _printf_percent_end.o(.ARM.Collect$$_printf_percent$$00000017) for _printf_percent_end
    rt_memcpy.o(.text) refers to rt_memcpy.o(.emb_text) for __aeabi_memcpy4
    __main.o(!!!main) refers to rtentry.o(.ARM.Collect$$rtentry$$00000000) for __rt_entry
    rtentry.o(.ARM.Collect$$rtentry$$00000000) refers (Special) to rtentry2.o(.ARM.Collect$$rtentry$$0000000A) for __rt_entry_li
    rtentry.o(.ARM.Collect$$rtentry$$00000000) refers (Special) to rtentry2.o(.ARM.Collect$$rtentry$$0000000D) for __rt_entry_main
    rtentry.o(.ARM.Collect$$rtentry$$00000000) refers (Special) to rtentry2.o(.ARM.Collect$$rtentry$$0000000C) for __rt_entry_postli_1
    rtentry.o(.ARM.Collect$$rtentry$$00000000) refers (Special) to rtentry2.o(.ARM.Collect$$rtentry$$00000009) for __rt_entry_postsh_1
    rtentry.o(.ARM.Collect$$rtentry$$00000000) refers (Special) to rtentry2.o(.ARM.Collect$$rtentry$$00000002) for __rt_entry_presh_1
    rtentry.o(.ARM.Collect$$rtentry$$00000000) refers (Special) to rtentry4.o(.ARM.Collect$$rtentry$$00000004) for __rt_entry_sh
    aeabi_idiv0_sigfpe.o(.text) refers to rt_div0.o(.text) for __rt_div0
    _printf_intcommon.o(.text) refers (Weak) to _printf_pad.o(.text) for _printf_pre_padding
    _printf_intcommon.o(.text) refers (Weak) to _printf_pad.o(.text) for _printf_pre_padding
    _printf_intcommon.o(.text) refers (Weak) to _printf_pad.o(.text) for _printf_post_padding
    _printf_char_file.o(.text) refers to _printf_char_common.o(.text) for _printf_char_common
    _printf_char_file.o(.text) refers to ferror.o(.text) for ferror
    _printf_char_file.o(.text) refers to app_trace.o(.text) for fputc
    rtentry2.o(.ARM.Collect$$rtentry$$00000008) refers to boardinit2.o(.text) for _platform_post_stackheap_init
    rtentry2.o(.ARM.Collect$$rtentry$$0000000A) refers to libinit.o(.ARM.Collect$$libinit$$00000000) for __rt_lib_init
    rtentry2.o(.ARM.Collect$$rtentry$$0000000B) refers to boardinit3.o(.text) for _platform_post_lib_init
    rtentry2.o(.ARM.Collect$$rtentry$$0000000D) refers to main.o(.text) for main
    rtentry2.o(.ARM.Collect$$rtentry$$0000000D) refers to exit.o(.text) for exit
    rtentry2.o(.ARM.exidx) refers to rtentry2.o(.ARM.Collect$$rtentry$$00000001) for .ARM.Collect$$rtentry$$00000001
    rtentry2.o(.ARM.exidx) refers to rtentry2.o(.ARM.Collect$$rtentry$$00000008) for .ARM.Collect$$rtentry$$00000008
    rtentry2.o(.ARM.exidx) refers to rtentry2.o(.ARM.Collect$$rtentry$$0000000A) for .ARM.Collect$$rtentry$$0000000A
    rtentry2.o(.ARM.exidx) refers to rtentry2.o(.ARM.Collect$$rtentry$$0000000B) for .ARM.Collect$$rtentry$$0000000B
    rtentry2.o(.ARM.exidx) refers to rtentry2.o(.ARM.Collect$$rtentry$$0000000D) for .ARM.Collect$$rtentry$$0000000D
    rtentry4.o(.ARM.Collect$$rtentry$$00000004) refers to sys_stackheap_outer.o(.text) for __user_setup_stackheap
    rtentry4.o(.ARM.exidx) refers to rtentry4.o(.ARM.Collect$$rtentry$$00000004) for .ARM.Collect$$rtentry$$00000004
    rt_div0.o(.text) refers to defsig_fpe_outer.o(.text) for __rt_SIGFPE
    _printf_char_common.o(.text) refers to __printf_flags_wp.o(.text) for __printf
    sys_stackheap_outer.o(.text) refers to libspace.o(.text) for __user_perproc_libspace
    sys_stackheap_outer.o(.text) refers to arm_startup_nrf51.o(.text) for __user_initial_stackheap
    sys_stackheap_outer.o(__vectab_stack_and_reset_area) refers to tempstk.o(.text) for __temporary_stack_top
    sys_stackheap_outer.o(__vectab_stack_and_reset_area) refers to __main.o(!!!main) for __main
    exit.o(.text) refers to rtexit.o(.ARM.Collect$$rtexit$$00000000) for __rt_exit
    defsig_fpe_outer.o(.text) refers to defsig_fpe_inner.o(.text) for __rt_SIGFPE_inner
    defsig_fpe_outer.o(.text) refers to defsig_exit.o(.text) for __sig_exit
    defsig_fpe_formal.o(.text) refers to rt_raise.o(.text) for __rt_raise
    libinit.o(.ARM.Collect$$libinit$$00000000) refers (Special) to libinit2.o(.ARM.Collect$$libinit$$0000002C) for __rt_lib_init_alloca_1
    libinit.o(.ARM.Collect$$libinit$$00000000) refers (Special) to libinit2.o(.ARM.Collect$$libinit$$0000002A) for __rt_lib_init_argv_1
    libinit.o(.ARM.Collect$$libinit$$00000000) refers (Special) to libinit2.o(.ARM.Collect$$libinit$$00000019) for __rt_lib_init_atexit_1
    libinit.o(.ARM.Collect$$libinit$$00000000) refers (Special) to libinit2.o(.ARM.Collect$$libinit$$0000001F) for __rt_lib_init_clock_1
    libinit.o(.ARM.Collect$$libinit$$00000000) refers (Special) to libinit2.o(.ARM.Collect$$libinit$$00000030) for __rt_lib_init_cpp_1
    libinit.o(.ARM.Collect$$libinit$$00000000) refers (Special) to libinit2.o(.ARM.Collect$$libinit$$0000002E) for __rt_lib_init_exceptions_1
    libinit.o(.ARM.Collect$$libinit$$00000000) refers (Special) to libinit2.o(.ARM.Collect$$libinit$$00000001) for __rt_lib_init_fp_1
    libinit.o(.ARM.Collect$$libinit$$00000000) refers (Special) to libinit2.o(.ARM.Collect$$libinit$$0000001D) for __rt_lib_init_fp_trap_1
    libinit.o(.ARM.Collect$$libinit$$00000000) refers (Special) to libinit2.o(.ARM.Collect$$libinit$$00000021) for __rt_lib_init_getenv_1
    libinit.o(.ARM.Collect$$libinit$$00000000) refers (Special) to libinit2.o(.ARM.Collect$$libinit$$00000008) for __rt_lib_init_heap_1
    libinit.o(.ARM.Collect$$libinit$$00000000) refers (Special) to libinit2.o(.ARM.Collect$$libinit$$0000000F) for __rt_lib_init_lc_collate_1
    libinit.o(.ARM.Collect$$libinit$$00000000) refers (Special) to libinit2.o(.ARM.Collect$$libinit$$00000011) for __rt_lib_init_lc_ctype_1
    libinit.o(.ARM.Collect$$libinit$$00000000) refers (Special) to libinit2.o(.ARM.Collect$$libinit$$00000013) for __rt_lib_init_lc_monetary_1
    libinit.o(.ARM.Collect$$libinit$$00000000) refers (Special) to libinit2.o(.ARM.Collect$$libinit$$00000015) for __rt_lib_init_lc_numeric_1
    libinit.o(.ARM.Collect$$libinit$$00000000) refers (Special) to libinit2.o(.ARM.Collect$$libinit$$00000017) for __rt_lib_init_lc_time_1
    libinit.o(.ARM.Collect$$libinit$$00000000) refers (Special) to libinit2.o(.ARM.Collect$$libinit$$0000000C) for __rt_lib_init_rand_1
    libinit.o(.ARM.Collect$$libinit$$00000000) refers (Special) to libinit2.o(.ARM.Collect$$libinit$$00000031) for __rt_lib_init_return
    libinit.o(.ARM.Collect$$libinit$$00000000) refers (Special) to libinit2.o(.ARM.Collect$$libinit$$0000001B) for __rt_lib_init_signal_1
    libinit.o(.ARM.Collect$$libinit$$00000000) refers (Special) to libinit2.o(.ARM.Collect$$libinit$$00000023) for __rt_lib_init_stdio_1
    libinit.o(.ARM.Collect$$libinit$$00000000) refers (Special) to libinit2.o(.ARM.Collect$$libinit$$0000000A) for __rt_lib_init_user_alloc_1
    libspace.o(.text) refers to libspace.o(.bss) for __libspace_start
    rtexit.o(.ARM.Collect$$rtexit$$00000000) refers (Special) to rtexit2.o(.ARM.Collect$$rtexit$$00000004) for __rt_exit_exit
    rtexit.o(.ARM.Collect$$rtexit$$00000000) refers (Special) to rtexit2.o(.ARM.Collect$$rtexit$$00000003) for __rt_exit_ls
    rtexit.o(.ARM.Collect$$rtexit$$00000000) refers (Special) to rtexit2.o(.ARM.Collect$$rtexit$$00000002) for __rt_exit_prels_1
    rtexit.o(.ARM.exidx) refers (Special) to rtexit2.o(.ARM.Collect$$rtexit$$00000004) for __rt_exit_exit
    rtexit.o(.ARM.exidx) refers (Special) to rtexit2.o(.ARM.Collect$$rtexit$$00000003) for __rt_exit_ls
    rtexit.o(.ARM.exidx) refers (Special) to rtexit2.o(.ARM.Collect$$rtexit$$00000002) for __rt_exit_prels_1
    rtexit.o(.ARM.exidx) refers to rtexit.o(.ARM.Collect$$rtexit$$00000000) for .ARM.Collect$$rtexit$$00000000
    rt_raise.o(.text) refers to __raise.o(.text) for __raise
    rt_raise.o(.text) refers to sys_exit.o(.text) for _sys_exit
    defsig_exit.o(.text) refers to sys_exit.o(.text) for _sys_exit
    defsig_fpe_inner.o(.text) refers to defsig_general.o(.text) for __default_signal_display
    libinit2.o(.ARM.Collect$$libinit$$0000000E) refers to libinit2.o(.ARM.Collect$$libinit$$0000000D) for .ARM.Collect$$libinit$$0000000D
    libinit2.o(.ARM.Collect$$libinit$$00000010) refers to libinit2.o(.ARM.Collect$$libinit$$0000000D) for .ARM.Collect$$libinit$$0000000D
    libinit2.o(.ARM.Collect$$libinit$$00000012) refers to libinit2.o(.ARM.Collect$$libinit$$0000000D) for .ARM.Collect$$libinit$$0000000D
    libinit2.o(.ARM.Collect$$libinit$$00000014) refers to libinit2.o(.ARM.Collect$$libinit$$0000000D) for .ARM.Collect$$libinit$$0000000D
    libinit2.o(.ARM.Collect$$libinit$$00000016) refers to libinit2.o(.ARM.Collect$$libinit$$0000000D) for .ARM.Collect$$libinit$$0000000D
    libinit2.o(.ARM.Collect$$libinit$$00000024) refers to argv_veneer.o(.text) for __ARM_argv_veneer
    libinit2.o(.ARM.Collect$$libinit$$00000025) refers to argv_veneer.o(.text) for __ARM_argv_veneer
    sys_exit.o(.text) refers (Special) to use_no_semi.o(.text) for __I$use$semihosting
    sys_exit.o(.text) refers (Special) to indicate_semi.o(.text) for __semihosting_library_function
    rtexit2.o(.ARM.Collect$$rtexit$$00000003) refers to libshutdown.o(.ARM.Collect$$libshutdown$$00000000) for __rt_lib_shutdown
    rtexit2.o(.ARM.Collect$$rtexit$$00000004) refers to sys_exit.o(.text) for _sys_exit
    rtexit2.o(.ARM.exidx) refers to rtexit2.o(.ARM.Collect$$rtexit$$00000001) for .ARM.Collect$$rtexit$$00000001
    rtexit2.o(.ARM.exidx) refers to rtexit2.o(.ARM.Collect$$rtexit$$00000003) for .ARM.Collect$$rtexit$$00000003
    rtexit2.o(.ARM.exidx) refers to rtexit2.o(.ARM.Collect$$rtexit$$00000004) for .ARM.Collect$$rtexit$$00000004
    __raise.o(.text) refers to defsig.o(CL$$defsig) for __default_signal_handler
    defsig_general.o(.text) refers to sys_wrch.o(.text) for _ttywrch
    sys_wrch.o(.text) refers (Special) to use_no_semi.o(.text) for __I$use$semihosting
    sys_wrch.o(.text) refers (Special) to indicate_semi.o(.text) for __semihosting_library_function
    defsig.o(CL$$defsig) refers to defsig_fpe_inner.o(.text) for __rt_SIGFPE_inner
    defsig.o(CL$$defsig) refers to defsig_rtmem_inner.o(.text) for __rt_SIGRTMEM_inner
    _get_argv_nomalloc.o(.text) refers (Special) to hrguard.o(.text) for __heap_region$guard
    _get_argv_nomalloc.o(.text) refers to defsig_rtmem_outer.o(.text) for __rt_SIGRTMEM
    _get_argv_nomalloc.o(.text) refers to sys_command.o(.text) for _sys_command_string
    libshutdown.o(.ARM.Collect$$libshutdown$$00000000) refers (Special) to libshutdown2.o(.ARM.Collect$$libshutdown$$00000006) for __rt_lib_shutdown_fp_trap_1
    libshutdown.o(.ARM.Collect$$libshutdown$$00000000) refers (Special) to libshutdown2.o(.ARM.Collect$$libshutdown$$0000000E) for __rt_lib_shutdown_heap_1
    libshutdown.o(.ARM.Collect$$libshutdown$$00000000) refers (Special) to libshutdown2.o(.ARM.Collect$$libshutdown$$0000000F) for __rt_lib_shutdown_return
    libshutdown.o(.ARM.Collect$$libshutdown$$00000000) refers (Special) to libshutdown2.o(.ARM.Collect$$libshutdown$$00000009) for __rt_lib_shutdown_signal_1
    libshutdown.o(.ARM.Collect$$libshutdown$$00000000) refers (Special) to libshutdown2.o(.ARM.Collect$$libshutdown$$00000003) for __rt_lib_shutdown_stdio_1
    libshutdown.o(.ARM.Collect$$libshutdown$$00000000) refers (Special) to libshutdown2.o(.ARM.Collect$$libshutdown$$0000000B) for __rt_lib_shutdown_user_alloc_1
    sys_command.o(.text) refers (Special) to use_no_semi.o(.text) for __I$use$semihosting
    sys_command.o(.text) refers (Special) to indicate_semi.o(.text) for __semihosting_library_function
    defsig_abrt_inner.o(.text) refers to defsig_general.o(.text) for __default_signal_display
    defsig_rtred_inner.o(.text) refers to defsig_general.o(.text) for __default_signal_display
    defsig_rtmem_inner.o(.text) refers to defsig_general.o(.text) for __default_signal_display
    defsig_rtmem_outer.o(.text) refers to defsig_rtmem_inner.o(.text) for __rt_SIGRTMEM_inner
    defsig_rtmem_outer.o(.text) refers to defsig_exit.o(.text) for __sig_exit
    defsig_rtmem_formal.o(.text) refers to rt_raise.o(.text) for __rt_raise
    defsig_stak_inner.o(.text) refers to defsig_general.o(.text) for __default_signal_display
    defsig_pvfn_inner.o(.text) refers to defsig_general.o(.text) for __default_signal_display
    defsig_cppl_inner.o(.text) refers to defsig_general.o(.text) for __default_signal_display
    defsig_segv_inner.o(.text) refers to defsig_general.o(.text) for __default_signal_display
    defsig_other.o(.text) refers to defsig_general.o(.text) for __default_signal_display


==============================================================================

Removing Unused input sections from the image.

    Removing system_nrf51.o(.rev16_text), (4 bytes).
    Removing system_nrf51.o(.revsh_text), (4 bytes).
    Removing main.o(.rev16_text), (4 bytes).
    Removing main.o(.revsh_text), (4 bytes).
    Removing devices.o(.rev16_text), (4 bytes).
    Removing devices.o(.revsh_text), (4 bytes).
    Removing modbus.o(.rev16_text), (4 bytes).
    Removing modbus.o(.revsh_text), (4 bytes).
    Removing app_trace.o(.rev16_text), (4 bytes).
    Removing app_trace.o(.revsh_text), (4 bytes).
    Removing app_trace.o(.text), (88 bytes).
    Removing app_trace.o(.data), (8 bytes).
    Removing simple_uart.o(.rev16_text), (4 bytes).
    Removing simple_uart.o(.revsh_text), (4 bytes).
    Removing simple_uart.o(.emb_text), (30 bytes).
    Removing simple_uart.o(.text), (284 bytes).
    Removing pstorage.o(.rev16_text), (4 bytes).
    Removing pstorage.o(.revsh_text), (4 bytes).
    Removing app_button.o(.rev16_text), (4 bytes).
    Removing app_button.o(.revsh_text), (4 bytes).
    Removing app_gpiote.o(.rev16_text), (4 bytes).
    Removing app_gpiote.o(.revsh_text), (4 bytes).
    Removing app_timer.o(.rev16_text), (4 bytes).
    Removing app_timer.o(.revsh_text), (4 bytes).
    Removing softdevice_handler.o(.rev16_text), (4 bytes).
    Removing softdevice_handler.o(.revsh_text), (4 bytes).
    Removing app_scheduler.o(.rev16_text), (4 bytes).
    Removing app_scheduler.o(.revsh_text), (4 bytes).

28 unused section(s) (total 506 bytes) removed from the image.

==============================================================================

Image Symbol Table

    Local Symbols

    Symbol Name                              Value     Ov Type        Size  Object(Section)

    ../clib/angel/boardlib.s                 0x00000000   Number         0  boardshut.o ABSOLUTE
    ../clib/angel/boardlib.s                 0x00000000   Number         0  boardinit3.o ABSOLUTE
    ../clib/angel/boardlib.s                 0x00000000   Number         0  boardinit2.o ABSOLUTE
    ../clib/angel/boardlib.s                 0x00000000   Number         0  boardinit1.o ABSOLUTE
    ../clib/angel/handlers.s                 0x00000000   Number         0  __scatter_copy.o ABSOLUTE
    ../clib/angel/handlers.s                 0x00000000   Number         0  __scatter_zi.o ABSOLUTE
    ../clib/angel/kernel.s                   0x00000000   Number         0  rtentry2.o ABSOLUTE
    ../clib/angel/kernel.s                   0x00000000   Number         0  rtexit2.o ABSOLUTE
    ../clib/angel/kernel.s                   0x00000000   Number         0  rtentry4.o ABSOLUTE
    ../clib/angel/kernel.s                   0x00000000   Number         0  rtexit.o ABSOLUTE
    ../clib/angel/kernel.s                   0x00000000   Number         0  rtentry.o ABSOLUTE
    ../clib/angel/rt.s                       0x00000000   Number         0  rt_raise.o ABSOLUTE
    ../clib/angel/rt.s                       0x00000000   Number         0  aeabi_idiv0.o ABSOLUTE
    ../clib/angel/rt.s                       0x00000000   Number         0  aeabi_idiv0_sigfpe.o ABSOLUTE
    ../clib/angel/rt.s                       0x00000000   Number         0  rt_div0.o ABSOLUTE
    ../clib/angel/scatterp.s                 0x00000000   Number         0  __scatter.o ABSOLUTE
    ../clib/angel/startup.s                  0x00000000   Number         0  __main.o ABSOLUTE
    ../clib/angel/sys.s                      0x00000000   Number         0  libspace.o ABSOLUTE
    ../clib/angel/sys.s                      0x00000000   Number         0  use_no_semi.o ABSOLUTE
    ../clib/angel/sys.s                      0x00000000   Number         0  tempstk.o ABSOLUTE
    ../clib/angel/sys.s                      0x00000000   Number         0  indicate_semi.o ABSOLUTE
    ../clib/angel/sys.s                      0x00000000   Number         0  sys_stackheap_outer.o ABSOLUTE
    ../clib/angel/sysapp.c                   0x00000000   Number         0  sys_command.o ABSOLUTE
    ../clib/angel/sysapp.c                   0x00000000   Number         0  sys_exit.o ABSOLUTE
    ../clib/angel/sysapp.c                   0x00000000   Number         0  sys_wrch.o ABSOLUTE
    ../clib/armsys.c                         0x00000000   Number         0  no_argv.o ABSOLUTE
    ../clib/armsys.c                         0x00000000   Number         0  _get_argv_nomalloc.o ABSOLUTE
    ../clib/armsys.c                         0x00000000   Number         0  argv_veneer.o ABSOLUTE
    ../clib/division.s                       0x00000000   Number         0  aeabi_sdiv_div0.o ABSOLUTE
    ../clib/division.s                       0x00000000   Number         0  aeabi_sdiv.o ABSOLUTE
    ../clib/heapalloc.c                      0x00000000   Number         0  hrguard.o ABSOLUTE
    ../clib/heapaux.c                        0x00000000   Number         0  heapauxi.o ABSOLUTE
    ../clib/libinit.s                        0x00000000   Number         0  libshutdown.o ABSOLUTE
    ../clib/libinit.s                        0x00000000   Number         0  libshutdown2.o ABSOLUTE
    ../clib/libinit.s                        0x00000000   Number         0  libinit.o ABSOLUTE
    ../clib/libinit.s                        0x00000000   Number         0  libinit2.o ABSOLUTE
    ../clib/memcpset.c                       0x00000000   Number         0  rt_memclr.o ABSOLUTE
    ../clib/memcpset.c                       0x00000000   Number         0  rt_memcpy.o ABSOLUTE
    ../clib/memcpset.c                       0x00000000   Number         0  rt_memcpy.o ABSOLUTE
    ../clib/misc.s                           0x00000000   Number         0  printf_stubs.o ABSOLUTE
    ../clib/printf.c                         0x00000000   Number         0  __printf_flags_wp.o ABSOLUTE
    ../clib/printf.c                         0x00000000   Number         0  _printf_intcommon.o ABSOLUTE
    ../clib/printf.c                         0x00000000   Number         0  __printf_ss_wp.o ABSOLUTE
    ../clib/printf.c                         0x00000000   Number         0  __printf_flags_ss_wp.o ABSOLUTE
    ../clib/printf.c                         0x00000000   Number         0  _printf_char_file.o ABSOLUTE
    ../clib/printf.c                         0x00000000   Number         0  __printf_nopercent.o ABSOLUTE
    ../clib/printf.c                         0x00000000   Number         0  _printf_char_common.o ABSOLUTE
    ../clib/printf.c                         0x00000000   Number         0  __2printf.o ABSOLUTE
    ../clib/printf.c                         0x00000000   Number         0  _printf_hex_ll.o ABSOLUTE
    ../clib/printf.c                         0x00000000   Number         0  noretval__2printf.o ABSOLUTE
    ../clib/printf.c                         0x00000000   Number         0  __printf.o ABSOLUTE
    ../clib/printf.c                         0x00000000   Number         0  _printf_pad.o ABSOLUTE
    ../clib/printf.c                         0x00000000   Number         0  _printf_hex_int.o ABSOLUTE
    ../clib/printf.c                         0x00000000   Number         0  _printf_hex_int_ll.o ABSOLUTE
    ../clib/printf.c                         0x00000000   Number         0  _printf_hex_ptr.o ABSOLUTE
    ../clib/printf.c                         0x00000000   Number         0  _printf_hex_int_ptr.o ABSOLUTE
    ../clib/printf.c                         0x00000000   Number         0  _printf_hex_ll_ptr.o ABSOLUTE
    ../clib/printf.c                         0x00000000   Number         0  _printf_hex_int_ll_ptr.o ABSOLUTE
    ../clib/printf.c                         0x00000000   Number         0  __printf_flags.o ABSOLUTE
    ../clib/printf.c                         0x00000000   Number         0  __printf_ss.o ABSOLUTE
    ../clib/printf.c                         0x00000000   Number         0  __printf_flags_ss.o ABSOLUTE
    ../clib/printf.c                         0x00000000   Number         0  __printf_wp.o ABSOLUTE
    ../clib/printf_percent.s                 0x00000000   Number         0  _printf_percent_end.o ABSOLUTE
    ../clib/printf_percent.s                 0x00000000   Number         0  _printf_percent.o ABSOLUTE
    ../clib/printf_percent.s                 0x00000000   Number         0  _printf_x.o ABSOLUTE
    ../clib/signal.c                         0x00000000   Number         0  defsig_rtred_inner.o ABSOLUTE
    ../clib/signal.c                         0x00000000   Number         0  defsig_segv_inner.o ABSOLUTE
    ../clib/signal.c                         0x00000000   Number         0  defsig_cppl_inner.o ABSOLUTE
    ../clib/signal.c                         0x00000000   Number         0  defsig_general.o ABSOLUTE
    ../clib/signal.c                         0x00000000   Number         0  __raise.o ABSOLUTE
    ../clib/signal.c                         0x00000000   Number         0  defsig_rtmem_inner.o ABSOLUTE
    ../clib/signal.c                         0x00000000   Number         0  defsig_rtmem_outer.o ABSOLUTE
    ../clib/signal.c                         0x00000000   Number         0  defsig_rtmem_formal.o ABSOLUTE
    ../clib/signal.c                         0x00000000   Number         0  defsig_pvfn_inner.o ABSOLUTE
    ../clib/signal.c                         0x00000000   Number         0  defsig_stak_inner.o ABSOLUTE
    ../clib/signal.c                         0x00000000   Number         0  defsig_fpe_inner.o ABSOLUTE
    ../clib/signal.c                         0x00000000   Number         0  defsig_abrt_inner.o ABSOLUTE
    ../clib/signal.c                         0x00000000   Number         0  defsig_other.o ABSOLUTE
    ../clib/signal.c                         0x00000000   Number         0  defsig_fpe_formal.o ABSOLUTE
    ../clib/signal.c                         0x00000000   Number         0  defsig_fpe_outer.o ABSOLUTE
    ../clib/signal.c                         0x00000000   Number         0  defsig_exit.o ABSOLUTE
    ../clib/signal.s                         0x00000000   Number         0  defsig.o ABSOLUTE
    ../clib/stdio.c                          0x00000000   Number         0  ferror_locked.o ABSOLUTE
    ../clib/stdio.c                          0x00000000   Number         0  ferror.o ABSOLUTE
    ../clib/stdlib.c                         0x00000000   Number         0  exit.o ABSOLUTE
    ../clib/string.c                         0x00000000   Number         0  memcmp.o ABSOLUTE
    ../fplib/cfplib/fpinit.c                 0x00000000   Number         0  fpinit.o ABSOLUTE
    ..\..\..\..\..\Source\app_common\app_button.c 0x00000000   Number         0  app_button.o ABSOLUTE
    ..\..\..\..\..\Source\app_common\app_gpiote.c 0x00000000   Number         0  app_gpiote.o ABSOLUTE
    ..\..\..\..\..\Source\app_common\app_scheduler.c 0x00000000   Number         0  app_scheduler.o ABSOLUTE
    ..\..\..\..\..\Source\app_common\app_timer.c 0x00000000   Number         0  app_timer.o ABSOLUTE
    ..\..\..\..\..\Source\app_common\app_trace.c 0x00000000   Number         0  app_trace.o ABSOLUTE
    ..\..\..\..\..\Source\app_common\pstorage.c 0x00000000   Number         0  pstorage.o ABSOLUTE
    ..\..\..\..\..\Source\ble\device_manager\experimental\device_manager_central.c 0x00000000   Number         0  device_manager_central.o ABSOLUTE
    ..\..\..\..\..\Source\sd_common\softdevice_handler.c 0x00000000   Number         0  softdevice_handler.o ABSOLUTE
    ..\..\..\..\..\Source\simple_uart\simple_uart.c 0x00000000   Number         0  simple_uart.o ABSOLUTE
    ..\\..\\..\\..\\..\\Source\\app_common\\app_button.c 0x00000000   Number         0  app_button.o ABSOLUTE
    ..\\..\\..\\..\\..\\Source\\app_common\\app_gpiote.c 0x00000000   Number         0  app_gpiote.o ABSOLUTE
    ..\\..\\..\\..\\..\\Source\\app_common\\app_scheduler.c 0x00000000   Number         0  app_scheduler.o ABSOLUTE
    ..\\..\\..\\..\\..\\Source\\app_common\\app_timer.c 0x00000000   Number         0  app_timer.o ABSOLUTE
    ..\\..\\..\\..\\..\\Source\\app_common\\app_trace.c 0x00000000   Number         0  app_trace.o ABSOLUTE
    ..\\..\\..\\..\\..\\Source\\app_common\\pstorage.c 0x00000000   Number         0  pstorage.o ABSOLUTE
    ..\\..\\..\\..\\..\\Source\\sd_common\\softdevice_handler.c 0x00000000   Number         0  softdevice_handler.o ABSOLUTE
    ..\\..\\..\\..\\..\\Source\\simple_uart\\simple_uart.c 0x00000000   Number         0  simple_uart.o ABSOLUTE
    ..\\devices.c                            0x00000000   Number         0  devices.o ABSOLUTE
    ..\\main.c                               0x00000000   Number         0  main.o ABSOLUTE
    ..\\modbus.c                             0x00000000   Number         0  modbus.o ABSOLUTE
    ..\devices.c                             0x00000000   Number         0  devices.o ABSOLUTE
    ..\main.c                                0x00000000   Number         0  main.o ABSOLUTE
    ..\modbus.c                              0x00000000   Number         0  modbus.o ABSOLUTE
    RTE\Device\nRF51822_xxAA\arm_startup_nrf51.s 0x00000000   Number         0  arm_startup_nrf51.o ABSOLUTE
    RTE\Device\nRF51822_xxAA\system_nrf51.c  0x00000000   Number         0  system_nrf51.o ABSOLUTE
    RTE\\Device\\nRF51822_xxAA\\system_nrf51.c 0x00000000   Number         0  system_nrf51.o ABSOLUTE
    dc.s                                     0x00000000   Number         0  dc.o ABSOLUTE
    RESET                                    0x00018000   Section      192  arm_startup_nrf51.o(RESET)
    !!!main                                  0x000180c0   Section        8  __main.o(!!!main)
    !!!scatter                               0x000180c8   Section       60  __scatter.o(!!!scatter)
    !!handler_copy                           0x00018104   Section       26  __scatter_copy.o(!!handler_copy)
    !!handler_zi                             0x00018120   Section       28  __scatter_zi.o(!!handler_zi)
    .ARM.Collect$$libinit$$00000000          0x0001813c   Section        2  libinit.o(.ARM.Collect$$libinit$$00000000)
    .ARM.Collect$$libinit$$00000001          0x0001813e   Section        4  libinit2.o(.ARM.Collect$$libinit$$00000001)
    .ARM.Collect$$libinit$$00000008          0x00018142   Section        0  libinit2.o(.ARM.Collect$$libinit$$00000008)
    .ARM.Collect$$libinit$$0000000A          0x00018142   Section        0  libinit2.o(.ARM.Collect$$libinit$$0000000A)
    .ARM.Collect$$libinit$$0000000C          0x00018142   Section        0  libinit2.o(.ARM.Collect$$libinit$$0000000C)
    .ARM.Collect$$libinit$$0000000F          0x00018142   Section        0  libinit2.o(.ARM.Collect$$libinit$$0000000F)
    .ARM.Collect$$libinit$$00000011          0x00018142   Section        0  libinit2.o(.ARM.Collect$$libinit$$00000011)
    .ARM.Collect$$libinit$$00000013          0x00018142   Section        0  libinit2.o(.ARM.Collect$$libinit$$00000013)
    .ARM.Collect$$libinit$$00000015          0x00018142   Section        0  libinit2.o(.ARM.Collect$$libinit$$00000015)
    .ARM.Collect$$libinit$$00000017          0x00018142   Section        0  libinit2.o(.ARM.Collect$$libinit$$00000017)
    .ARM.Collect$$libinit$$00000019          0x00018142   Section        0  libinit2.o(.ARM.Collect$$libinit$$00000019)
    .ARM.Collect$$libinit$$0000001B          0x00018142   Section        0  libinit2.o(.ARM.Collect$$libinit$$0000001B)
    .ARM.Collect$$libinit$$0000001D          0x00018142   Section        0  libinit2.o(.ARM.Collect$$libinit$$0000001D)
    .ARM.Collect$$libinit$$0000001F          0x00018142   Section        0  libinit2.o(.ARM.Collect$$libinit$$0000001F)
    .ARM.Collect$$libinit$$00000021          0x00018142   Section        0  libinit2.o(.ARM.Collect$$libinit$$00000021)
    .ARM.Collect$$libinit$$00000023          0x00018142   Section        0  libinit2.o(.ARM.Collect$$libinit$$00000023)
    .ARM.Collect$$libinit$$0000002A          0x00018142   Section        0  libinit2.o(.ARM.Collect$$libinit$$0000002A)
    .ARM.Collect$$libinit$$0000002C          0x00018142   Section        0  libinit2.o(.ARM.Collect$$libinit$$0000002C)
    .ARM.Collect$$libinit$$0000002E          0x00018142   Section        0  libinit2.o(.ARM.Collect$$libinit$$0000002E)
    .ARM.Collect$$libinit$$00000030          0x00018142   Section        0  libinit2.o(.ARM.Collect$$libinit$$00000030)
    .ARM.Collect$$libinit$$00000031          0x00018142   Section        2  libinit2.o(.ARM.Collect$$libinit$$00000031)
    .ARM.Collect$$libshutdown$$00000000      0x00018144   Section        2  libshutdown.o(.ARM.Collect$$libshutdown$$00000000)
    .ARM.Collect$$libshutdown$$00000003      0x00018146   Section        0  libshutdown2.o(.ARM.Collect$$libshutdown$$00000003)
    .ARM.Collect$$libshutdown$$00000006      0x00018146   Section        0  libshutdown2.o(.ARM.Collect$$libshutdown$$00000006)
    .ARM.Collect$$libshutdown$$00000009      0x00018146   Section        0  libshutdown2.o(.ARM.Collect$$libshutdown$$00000009)
    .ARM.Collect$$libshutdown$$0000000B      0x00018146   Section        0  libshutdown2.o(.ARM.Collect$$libshutdown$$0000000B)
    .ARM.Collect$$libshutdown$$0000000E      0x00018146   Section        0  libshutdown2.o(.ARM.Collect$$libshutdown$$0000000E)
    .ARM.Collect$$libshutdown$$0000000F      0x00018146   Section        2  libshutdown2.o(.ARM.Collect$$libshutdown$$0000000F)
    .ARM.Collect$$rtentry$$00000000          0x00018148   Section        0  rtentry.o(.ARM.Collect$$rtentry$$00000000)
    .ARM.Collect$$rtentry$$00000002          0x00018148   Section        0  rtentry2.o(.ARM.Collect$$rtentry$$00000002)
    .ARM.Collect$$rtentry$$00000004          0x00018148   Section        6  rtentry4.o(.ARM.Collect$$rtentry$$00000004)
    .ARM.Collect$$rtentry$$00000009          0x0001814e   Section        0  rtentry2.o(.ARM.Collect$$rtentry$$00000009)
    .ARM.Collect$$rtentry$$0000000A          0x0001814e   Section        4  rtentry2.o(.ARM.Collect$$rtentry$$0000000A)
    .ARM.Collect$$rtentry$$0000000C          0x00018152   Section        0  rtentry2.o(.ARM.Collect$$rtentry$$0000000C)
    .ARM.Collect$$rtentry$$0000000D          0x00018152   Section        8  rtentry2.o(.ARM.Collect$$rtentry$$0000000D)
    .ARM.Collect$$rtexit$$00000000           0x0001815a   Section        2  rtexit.o(.ARM.Collect$$rtexit$$00000000)
    .ARM.Collect$$rtexit$$00000002           0x0001815c   Section        0  rtexit2.o(.ARM.Collect$$rtexit$$00000002)
    .ARM.Collect$$rtexit$$00000003           0x0001815c   Section        4  rtexit2.o(.ARM.Collect$$rtexit$$00000003)
    .ARM.Collect$$rtexit$$00000004           0x00018160   Section        6  rtexit2.o(.ARM.Collect$$rtexit$$00000004)
    .emb_text                                0x00018168   Section       30  app_timer.o(.emb_text)
    .emb_text                                0x00018188   Section       56  rt_memcpy.o(.emb_text)
    .text                                    0x000181c0   Section       84  arm_startup_nrf51.o(.text)
    .text                                    0x00018214   Section        0  system_nrf51.o(.text)
    is_disabled_in_debug_needed              0x0001821d   Thumb Code    52  system_nrf51.o(.text)
    is_manual_peripheral_setup_needed        0x00018251   Thumb Code   104  system_nrf51.o(.text)
    .text                                    0x000182fc   Section        0  main.o(.text)
    gpiote_init                              0x00018321   Thumb Code    40  main.o(.text)
    button_event_handler                     0x00018349   Thumb Code    36  main.o(.text)
    buttons_init                             0x0001836d   Thumb Code    72  main.o(.text)
    timers_init                              0x000183b5   Thumb Code    46  main.o(.text)
    on_ble_evt                               0x000183e3   Thumb Code   216  main.o(.text)
    on_sys_evt                               0x000184bb   Thumb Code    42  main.o(.text)
    ble_evt_dispatch                         0x000184e5   Thumb Code    18  main.o(.text)
    sys_evt_dispatch                         0x000184f7   Thumb Code    18  main.o(.text)
    ble_stack_init                           0x00018509   Thumb Code   110  main.o(.text)
    scheduler_init                           0x00018577   Thumb Code    44  main.o(.text)
    device_manager_init                      0x000185a3   Thumb Code    66  main.o(.text)
    leds_init                                0x000185e5   Thumb Code    16  main.o(.text)
    power_manage                             0x000185f5   Thumb Code    32  main.o(.text)
    nrf_gpio_cfg_output                      0x00018645   Thumb Code    18  main.o(.text)
    nrf_gpio_pin_clear                       0x00018657   Thumb Code    10  main.o(.text)
    .text                                    0x000186a0   Section        0  devices.o(.text)
    find_in_list                             0x000186a1   Thumb Code    66  devices.o(.text)
    add_to_list                              0x00018707   Thumb Code    84  devices.o(.text)
    parse_service_data                       0x000187d3   Thumb Code   110  devices.o(.text)
    .text                                    0x00018a34   Section        0  modbus.o(.text)
    send_byte                                0x00018a55   Thumb Code    16  modbus.o(.text)
    send_rsp_byte                            0x00018a65   Thumb Code    44  modbus.o(.text)
    get_CRC                                  0x00018a91   Thumb Code    60  modbus.o(.text)
    check_CRC                                0x00018b17   Thumb Code    40  modbus.o(.text)
    prepare_id_rsp                           0x00018b3f   Thumb Code   292  modbus.o(.text)
    check_write_rq                           0x00018c63   Thumb Code    90  modbus.o(.text)
    prepare_read_rsp                         0x00018cbd   Thumb Code   198  modbus.o(.text)
    request_handler                          0x00018d83   Thumb Code    96  modbus.o(.text)
    packet_timeout_timer_stop                0x00018de3   Thumb Code    10  modbus.o(.text)
    start_rq_processing                      0x00018ded   Thumb Code    20  modbus.o(.text)
    packet_timeout_handler                   0x00018e01   Thumb Code   100  modbus.o(.text)
    packet_timeout_timer_reset               0x00018e73   Thumb Code     8  modbus.o(.text)
    packet_timeout_timer_start               0x00018e7b   Thumb Code    10  modbus.o(.text)
    byte_received                            0x00018e85   Thumb Code    44  modbus.o(.text)
    packet_timeout_timer_init                0x00018ef9   Thumb Code    54  modbus.o(.text)
    NVIC_SetPriority                         0x0001902d   Thumb Code   110  modbus.o(.text)
    nrf_gpio_cfg_output                      0x0001909b   Thumb Code    18  modbus.o(.text)
    nrf_gpio_cfg_input                       0x000190ad   Thumb Code    20  modbus.o(.text)
    .text                                    0x0001910c   Section        0  pstorage.o(.text)
    cmd_queue_element_init                   0x0001910d   Thumb Code    56  pstorage.o(.text)
    cmd_queue_init                           0x00019145   Thumb Code    40  pstorage.o(.text)
    swap_state_process                       0x0001916d   Thumb Code   578  pstorage.o(.text)
    cmd_process                              0x000193af   Thumb Code   382  pstorage.o(.text)
    cmd_queue_enqueue                        0x0001952d   Thumb Code   138  pstorage.o(.text)
    app_notify                               0x000195b7   Thumb Code   100  pstorage.o(.text)
    cmd_queue_dequeue                        0x0001961b   Thumb Code    36  pstorage.o(.text)
    is_word_aligned                          0x00019d8b   Thumb Code    18  pstorage.o(.text)
    .text                                    0x00019da4   Section        0  device_manager_central.o(.text)
    connection_instance_init                 0x00019da5   Thumb Code    50  device_manager_central.o(.text)
    peer_instance_init                       0x00019dd7   Thumb Code    76  device_manager_central.o(.text)
    connection_instance_find                 0x00019e23   Thumb Code    64  device_manager_central.o(.text)
    device_instance_free                     0x00019e63   Thumb Code    44  device_manager_central.o(.text)
    device_instance_find                     0x00019e8f   Thumb Code    54  device_manager_central.o(.text)
    device_context_store                     0x00019ecd   Thumb Code   172  device_manager_central.o(.text)
    gatts_context_store                      0x00019f79   Thumb Code   162  device_manager_central.o(.text)
    gattc_context_store                      0x0001a01b   Thumb Code     6  device_manager_central.o(.text)
    gatts_context_load                       0x0001a021   Thumb Code    58  device_manager_central.o(.text)
    gattc_context_load                       0x0001a05b   Thumb Code     6  device_manager_central.o(.text)
    gatts_context_apply                      0x0001a061   Thumb Code   106  device_manager_central.o(.text)
    gattc_context_apply                      0x0001a0cb   Thumb Code     6  device_manager_central.o(.text)
    dm_pstorage_cb_handler                   0x0001a167   Thumb Code   554  device_manager_central.o(.text)
    update_status_bit_reset                  0x0001b4d1   Thumb Code    16  device_manager_central.o(.text)
    device_instance_allocate                 0x0001b4e1   Thumb Code   118  device_manager_central.o(.text)
    app_evt_notify                           0x0001b557   Thumb Code    22  device_manager_central.o(.text)
    no_service_context_store                 0x0001b56d   Thumb Code     6  device_manager_central.o(.text)
    gattsc_context_store                     0x0001b573   Thumb Code    30  device_manager_central.o(.text)
    no_service_context_load                  0x0001b591   Thumb Code     6  device_manager_central.o(.text)
    gattsc_context_load                      0x0001b597   Thumb Code    30  device_manager_central.o(.text)
    no_service_context_apply                 0x0001b5b5   Thumb Code     6  device_manager_central.o(.text)
    gattsc_context_apply                     0x0001b5bb   Thumb Code    26  device_manager_central.o(.text)
    .text                                    0x0001b5f4   Section        0  app_button.o(.text)
    button_handler_execute                   0x0001b5f5   Thumb Code    82  app_button.o(.text)
    detection_delay_timeout_handler          0x0001b647   Thumb Code   144  app_button.o(.text)
    gpiote_event_handler                     0x0001b6d7   Thumb Code    52  app_button.o(.text)
    .text                                    0x0001b890   Section        0  app_gpiote.o(.text)
    sense_level_toggle                       0x0001b891   Thumb Code   128  app_gpiote.o(.text)
    pins_sense_disable                       0x0001b9af   Thumb Code    98  app_gpiote.o(.text)
    NVIC_SetPriority                         0x0001bc67   Thumb Code   110  app_gpiote.o(.text)
    .text                                    0x0001bcfc   Section        0  app_timer.o(.text)
    NVIC_SetPriority                         0x0001bcfd   Thumb Code   110  app_timer.o(.text)
    rtc1_init                                0x0001bd6b   Thumb Code    18  app_timer.o(.text)
    rtc1_start                               0x0001bd7d   Thumb Code    48  app_timer.o(.text)
    rtc1_stop                                0x0001bdad   Thumb Code    68  app_timer.o(.text)
    timer_list_insert                        0x0001bdf1   Thumb Code   212  app_timer.o(.text)
    timer_list_remove                        0x0001bec5   Thumb Code   170  app_timer.o(.text)
    timer_timeouts_check_sched               0x0001bf6f   Thumb Code    10  app_timer.o(.text)
    timer_list_handler_sched                 0x0001bf79   Thumb Code    10  app_timer.o(.text)
    timeout_handler_exec                     0x0001bf83   Thumb Code    60  app_timer.o(.text)
    timer_timeouts_check                     0x0001bfbf   Thumb Code   132  app_timer.o(.text)
    elapsed_ticks_acquire                    0x0001c043   Thumb Code    82  app_timer.o(.text)
    list_deletions_handler                   0x0001c095   Thumb Code   284  app_timer.o(.text)
    expired_timers_handler                   0x0001c1b1   Thumb Code   100  app_timer.o(.text)
    list_insertions_handler                  0x0001c215   Thumb Code   264  app_timer.o(.text)
    compare_reg_update                       0x0001c31d   Thumb Code   124  app_timer.o(.text)
    timer_list_handler                       0x0001c399   Thumb Code    70  app_timer.o(.text)
    user_op_enque                            0x0001c3df   Thumb Code     4  app_timer.o(.text)
    user_op_alloc                            0x0001c3e3   Thumb Code    44  app_timer.o(.text)
    timer_start_op_schedule                  0x0001c40f   Thumb Code    80  app_timer.o(.text)
    timer_stop_op_schedule                   0x0001c45f   Thumb Code    58  app_timer.o(.text)
    timer_stop_all_op_schedule               0x0001c499   Thumb Code    58  app_timer.o(.text)
    user_id_get                              0x0001c663   Thumb Code    34  app_timer.o(.text)
    NVIC_EnableIRQ                           0x0001c761   Thumb Code    14  app_timer.o(.text)
    NVIC_SetPendingIRQ                       0x0001c76f   Thumb Code    14  app_timer.o(.text)
    NVIC_ClearPendingIRQ                     0x0001c77d   Thumb Code    16  app_timer.o(.text)
    current_int_priority_get                 0x0001c78d   Thumb Code    84  app_timer.o(.text)
    rtc1_counter_get                         0x0001c7e1   Thumb Code     6  app_timer.o(.text)
    ticks_diff_get                           0x0001c7e7   Thumb Code    10  app_timer.o(.text)
    .text                                    0x0001c820   Section        0  softdevice_handler.o(.text)
    .text                                    0x0001c9f4   Section        0  app_scheduler.o(.text)
    app_sched_event_get                      0x0001cb25   Thumb Code    84  app_scheduler.o(.text)
    current_int_priority_get                 0x0001cb97   Thumb Code    84  app_scheduler.o(.text)
    next_index                               0x0001cbeb   Thumb Code    20  app_scheduler.o(.text)
    .text                                    0x0001cc58   Section        0  memcmp.o(.text)
    .text                                    0x0001ccb2   Section        0  rt_memcpy.o(.text)
    .text                                    0x0001cd34   Section        0  rt_memclr.o(.text)
    .text                                    0x0001cd74   Section      346  aeabi_sdiv.o(.text)
    .text                                    0x0001cece   Section        0  heapauxi.o(.text)
    .text                                    0x0001ced4   Section       62  sys_stackheap_outer.o(.text)
    .text                                    0x0001cf12   Section        0  exit.o(.text)
    .text                                    0x0001cf20   Section        8  libspace.o(.text)
    .text                                    0x0001cf28   Section        0  sys_exit.o(.text)
    .text                                    0x0001cf34   Section        2  use_no_semi.o(.text)
    .text                                    0x0001cf36   Section        0  indicate_semi.o(.text)
    i.__ARM_common_switch8                   0x0001cf36   Section        0  pstorage.o(i.__ARM_common_switch8)
    .constdata                               0x0001cf52   Section        8  devices.o(.constdata)
    .constdata                               0x0001cf5c   Section       56  device_manager_central.o(.constdata)
    .data                                    0x20002800   Section        4  system_nrf51.o(.data)
    __tagsym$$used                           0x20002800   Number         0  system_nrf51.o(.data)
    .data                                    0x20002804   Section       12  main.o(.data)
    buttons                                  0x20002808   Data           8  main.o(.data)
    .data                                    0x20002810   Section        1  devices.o(.data)
    .data                                    0x20002814   Section        8  modbus.o(.data)
    .data                                    0x2000281c   Section       12  pstorage.o(.data)
    m_next_app_instance                      0x2000281c   Data           2  pstorage.o(.data)
    m_next_page_addr                         0x20002820   Data           4  pstorage.o(.data)
    m_round_val                              0x20002824   Data           2  pstorage.o(.data)
    m_module_initialized                     0x20002826   Data           1  pstorage.o(.data)
    m_swap_state                             0x20002827   Data           1  pstorage.o(.data)
    .data                                    0x20002828   Section       21  device_manager_central.o(.data)
    m_gatts_table                            0x20002828   Data           8  device_manager_central.o(.data)
    m_storage_handle                         0x20002830   Data           8  device_manager_central.o(.data)
    m_peer_addr_update                       0x20002838   Data           4  device_manager_central.o(.data)
    m_module_initialized                     0x2000283c   Data           1  device_manager_central.o(.data)
    .data                                    0x20002840   Section       32  app_button.o(.data)
    mp_buttons                               0x20002840   Data           4  app_button.o(.data)
    m_button_count                           0x20002844   Data           1  app_button.o(.data)
    m_detection_delay                        0x20002848   Data           4  app_button.o(.data)
    m_evt_schedule_func                      0x2000284c   Data           4  app_button.o(.data)
    m_gpiote_user_id                         0x20002850   Data           1  app_button.o(.data)
    m_detection_delay_timer_id               0x20002854   Data           4  app_button.o(.data)
    m_pin_transition                         0x20002858   Data           8  app_button.o(.data)
    .data                                    0x20002860   Section       12  app_gpiote.o(.data)
    m_enabled_users_mask                     0x20002860   Data           4  app_gpiote.o(.data)
    m_user_array_size                        0x20002864   Data           1  app_gpiote.o(.data)
    m_user_count                             0x20002865   Data           1  app_gpiote.o(.data)
    mp_users                                 0x20002868   Data           4  app_gpiote.o(.data)
    .data                                    0x2000286c   Section       41  app_timer.o(.data)
    m_node_array_size                        0x2000286c   Data           1  app_timer.o(.data)
    mp_nodes                                 0x20002870   Data           4  app_timer.o(.data)
    m_user_array_size                        0x20002874   Data           1  app_timer.o(.data)
    mp_users                                 0x20002878   Data           4  app_timer.o(.data)
    m_timer_id_head                          0x2000287c   Data           4  app_timer.o(.data)
    m_ticks_latest                           0x20002880   Data           4  app_timer.o(.data)
    m_ticks_elapsed                          0x20002884   Data           8  app_timer.o(.data)
    m_ticks_elapsed_q_read_ind               0x2000288c   Data           1  app_timer.o(.data)
    m_ticks_elapsed_q_write_ind              0x2000288d   Data           1  app_timer.o(.data)
    m_evt_schedule_func                      0x20002890   Data           4  app_timer.o(.data)
    m_rtc1_running                           0x20002894   Data           1  app_timer.o(.data)
    .data                                    0x20002898   Section       20  softdevice_handler.o(.data)
    m_evt_schedule_func                      0x20002898   Data           4  softdevice_handler.o(.data)
    m_evt_buffer                             0x2000289c   Data           4  softdevice_handler.o(.data)
    m_ble_evt_buffer_size                    0x200028a0   Data           2  softdevice_handler.o(.data)
    m_softdevice_enabled                     0x200028a2   Data           1  softdevice_handler.o(.data)
    m_ble_evt_handler                        0x200028a4   Data           4  softdevice_handler.o(.data)
    m_sys_evt_handler                        0x200028a8   Data           4  softdevice_handler.o(.data)
    .data                                    0x200028ac   Section       14  app_scheduler.o(.data)
    m_queue_event_headers                    0x200028ac   Data           4  app_scheduler.o(.data)
    m_queue_event_data                       0x200028b0   Data           4  app_scheduler.o(.data)
    m_queue_start_index                      0x200028b4   Data           1  app_scheduler.o(.data)
    m_queue_end_index                        0x200028b5   Data           1  app_scheduler.o(.data)
    m_queue_event_size                       0x200028b6   Data           2  app_scheduler.o(.data)
    m_queue_size                             0x200028b8   Data           2  app_scheduler.o(.data)
    .bss                                     0x200028bc   Section      748  main.o(.bss)
    app_gpiote_buf                           0x200028bc   Data          20  main.o(.bss)
    APP_TIMER_BUF                            0x200028d0   Data         608  main.o(.bss)
    EVT_BUFFER                               0x20002b30   Data          72  main.o(.bss)
    APP_SCHED_BUF                            0x20002b78   Data          48  main.o(.bss)
    .bss                                     0x20002ba8   Section      124  devices.o(.bss)
    .bss                                     0x20002c24   Section       90  modbus.o(.bss)
    .bss                                     0x20002c80   Section      220  pstorage.o(.bss)
    m_cmd_queue                              0x20002c80   Data         204  pstorage.o(.bss)
    m_app_table                              0x20002d4c   Data          16  pstorage.o(.bss)
    .bss                                     0x20002d5c   Section      271  device_manager_central.o(.bss)
    m_app_context_table                      0x20002d5c   Data          28  device_manager_central.o(.bss)
    m_peer_table                             0x20002d78   Data         168  device_manager_central.o(.bss)
    m_bond_table                             0x20002e20   Data          28  device_manager_central.o(.bss)
    m_connection_table                       0x20002e3c   Data          12  device_manager_central.o(.bss)
    m_application_table                      0x20002e48   Data          12  device_manager_central.o(.bss)
    m_local_id_info                          0x20002e54   Data          23  device_manager_central.o(.bss)
    .bss                                     0x20002e6c   Section       96  libspace.o(.bss)
    HEAP                                     0x20002ed0   Section     2048  arm_startup_nrf51.o(HEAP)
    Heap_Mem                                 0x20002ed0   Data        2048  arm_startup_nrf51.o(HEAP)
    STACK                                    0x200036d0   Section     2048  arm_startup_nrf51.o(STACK)
    Stack_Mem                                0x200036d0   Data        2048  arm_startup_nrf51.o(STACK)
    __initial_sp                             0x20003ed0   Data           0  arm_startup_nrf51.o(STACK)

    Global Symbols

    Symbol Name                              Value     Ov Type        Size  Object(Section)

    BuildAttributes$$THM_ISAv3M$S$PE$A:L22$X:L11$S22$IEEE1$IW$USESV6$~STKCKD$USESV7$~SHL$OSPACE$ROPI$EBA8$UX$STANDARDLIB$REQ8$PRES8$EABIv2 0x00000000   Number         0  anon$$obj.o ABSOLUTE
    __ARM_use_no_argv                        0x00000000   Number         0  main.o ABSOLUTE
    _printf_flags                            0x00000000   Number         0  printf_stubs.o ABSOLUTE
    _printf_return_value                     0x00000000   Number         0  printf_stubs.o ABSOLUTE
    _printf_sizespec                         0x00000000   Number         0  printf_stubs.o ABSOLUTE
    _printf_widthprec                        0x00000000   Number         0  printf_stubs.o ABSOLUTE
    __ARM_exceptions_init                     - Undefined Weak Reference
    __alloca_initialize                       - Undefined Weak Reference
    __cpp_initialize__aeabi_                  - Undefined Weak Reference
    __cxa_finalize                            - Undefined Weak Reference
    __rt_locale                               - Undefined Weak Reference
    __sigvec_lookup                           - Undefined Weak Reference
    _atexit_init                              - Undefined Weak Reference
    _call_atexit_fns                          - Undefined Weak Reference
    _clock_init                               - Undefined Weak Reference
    _fp_trap_init                             - Undefined Weak Reference
    _fp_trap_shutdown                         - Undefined Weak Reference
    _get_lc_collate                           - Undefined Weak Reference
    _get_lc_ctype                             - Undefined Weak Reference
    _get_lc_monetary                          - Undefined Weak Reference
    _get_lc_numeric                           - Undefined Weak Reference
    _get_lc_time                              - Undefined Weak Reference
    _getenv_init                              - Undefined Weak Reference
    _handle_redirection                       - Undefined Weak Reference
    _init_alloc                               - Undefined Weak Reference
    _init_user_alloc                          - Undefined Weak Reference
    _initio                                   - Undefined Weak Reference
    _mutex_acquire                            - Undefined Weak Reference
    _mutex_release                            - Undefined Weak Reference
    _printf_truncate_unsigned                 - Undefined Weak Reference
    _rand_init                                - Undefined Weak Reference
    _signal_finish                            - Undefined Weak Reference
    _signal_init                              - Undefined Weak Reference
    _terminate_alloc                          - Undefined Weak Reference
    _terminate_user_alloc                     - Undefined Weak Reference
    _terminateio                              - Undefined Weak Reference
    __Vectors_Size                           0x000000c0   Number         0  arm_startup_nrf51.o ABSOLUTE
    __Vectors                                0x00018000   Data           4  arm_startup_nrf51.o(RESET)
    __Vectors_End                            0x000180c0   Data           0  arm_startup_nrf51.o(RESET)
    __main                                   0x000180c1   Thumb Code     8  __main.o(!!!main)
    __scatterload                            0x000180c9   Thumb Code     0  __scatter.o(!!!scatter)
    __scatterload_rt2                        0x000180c9   Thumb Code    52  __scatter.o(!!!scatter)
    __scatterload_rt2_thumb_only             0x000180c9   Thumb Code     0  __scatter.o(!!!scatter)
    __scatterload_null                       0x000180d9   Thumb Code     0  __scatter.o(!!!scatter)
    __scatterload_copy                       0x00018105   Thumb Code    26  __scatter_copy.o(!!handler_copy)
    __scatterload_zeroinit                   0x00018121   Thumb Code    28  __scatter_zi.o(!!handler_zi)
    __rt_lib_init                            0x0001813d   Thumb Code     0  libinit.o(.ARM.Collect$$libinit$$00000000)
    __rt_lib_init_fp_1                       0x0001813f   Thumb Code     0  libinit2.o(.ARM.Collect$$libinit$$00000001)
    __rt_lib_init_alloca_1                   0x00018143   Thumb Code     0  libinit2.o(.ARM.Collect$$libinit$$0000002C)
    __rt_lib_init_argv_1                     0x00018143   Thumb Code     0  libinit2.o(.ARM.Collect$$libinit$$0000002A)
    __rt_lib_init_atexit_1                   0x00018143   Thumb Code     0  libinit2.o(.ARM.Collect$$libinit$$00000019)
    __rt_lib_init_clock_1                    0x00018143   Thumb Code     0  libinit2.o(.ARM.Collect$$libinit$$0000001F)
    __rt_lib_init_cpp_1                      0x00018143   Thumb Code     0  libinit2.o(.ARM.Collect$$libinit$$00000030)
    __rt_lib_init_exceptions_1               0x00018143   Thumb Code     0  libinit2.o(.ARM.Collect$$libinit$$0000002E)
    __rt_lib_init_fp_trap_1                  0x00018143   Thumb Code     0  libinit2.o(.ARM.Collect$$libinit$$0000001D)
    __rt_lib_init_getenv_1                   0x00018143   Thumb Code     0  libinit2.o(.ARM.Collect$$libinit$$00000021)
    __rt_lib_init_heap_1                     0x00018143   Thumb Code     0  libinit2.o(.ARM.Collect$$libinit$$00000008)
    __rt_lib_init_lc_collate_1               0x00018143   Thumb Code     0  libinit2.o(.ARM.Collect$$libinit$$0000000F)
    __rt_lib_init_lc_ctype_1                 0x00018143   Thumb Code     0  libinit2.o(.ARM.Collect$$libinit$$00000011)
    __rt_lib_init_lc_monetary_1              0x00018143   Thumb Code     0  libinit2.o(.ARM.Collect$$libinit$$00000013)
    __rt_lib_init_lc_numeric_1               0x00018143   Thumb Code     0  libinit2.o(.ARM.Collect$$libinit$$00000015)
    __rt_lib_init_lc_time_1                  0x00018143   Thumb Code     0  libinit2.o(.ARM.Collect$$libinit$$00000017)
    __rt_lib_init_rand_1                     0x00018143   Thumb Code     0  libinit2.o(.ARM.Collect$$libinit$$0000000C)
    __rt_lib_init_return                     0x00018143   Thumb Code     0  libinit2.o(.ARM.Collect$$libinit$$00000031)
    __rt_lib_init_signal_1                   0x00018143   Thumb Code     0  libinit2.o(.ARM.Collect$$libinit$$0000001B)
    __rt_lib_init_stdio_1                    0x00018143   Thumb Code     0  libinit2.o(.ARM.Collect$$libinit$$00000023)
    __rt_lib_init_user_alloc_1               0x00018143   Thumb Code     0  libinit2.o(.ARM.Collect$$libinit$$0000000A)
    __rt_lib_shutdown                        0x00018145   Thumb Code     0  libshutdown.o(.ARM.Collect$$libshutdown$$00000000)
    __rt_lib_shutdown_fp_trap_1              0x00018147   Thumb Code     0  libshutdown2.o(.ARM.Collect$$libshutdown$$00000006)
    __rt_lib_shutdown_heap_1                 0x00018147   Thumb Code     0  libshutdown2.o(.ARM.Collect$$libshutdown$$0000000E)
    __rt_lib_shutdown_return                 0x00018147   Thumb Code     0  libshutdown2.o(.ARM.Collect$$libshutdown$$0000000F)
    __rt_lib_shutdown_signal_1               0x00018147   Thumb Code     0  libshutdown2.o(.ARM.Collect$$libshutdown$$00000009)
    __rt_lib_shutdown_stdio_1                0x00018147   Thumb Code     0  libshutdown2.o(.ARM.Collect$$libshutdown$$00000003)
    __rt_lib_shutdown_user_alloc_1           0x00018147   Thumb Code     0  libshutdown2.o(.ARM.Collect$$libshutdown$$0000000B)
    __rt_entry                               0x00018149   Thumb Code     0  rtentry.o(.ARM.Collect$$rtentry$$00000000)
    __rt_entry_presh_1                       0x00018149   Thumb Code     0  rtentry2.o(.ARM.Collect$$rtentry$$00000002)
    __rt_entry_sh                            0x00018149   Thumb Code     0  rtentry4.o(.ARM.Collect$$rtentry$$00000004)
    __rt_entry_li                            0x0001814f   Thumb Code     0  rtentry2.o(.ARM.Collect$$rtentry$$0000000A)
    __rt_entry_postsh_1                      0x0001814f   Thumb Code     0  rtentry2.o(.ARM.Collect$$rtentry$$00000009)
    __rt_entry_main                          0x00018153   Thumb Code     0  rtentry2.o(.ARM.Collect$$rtentry$$0000000D)
    __rt_entry_postli_1                      0x00018153   Thumb Code     0  rtentry2.o(.ARM.Collect$$rtentry$$0000000C)
    __rt_exit                                0x0001815b   Thumb Code     0  rtexit.o(.ARM.Collect$$rtexit$$00000000)
    __rt_exit_ls                             0x0001815d   Thumb Code     0  rtexit2.o(.ARM.Collect$$rtexit$$00000003)
    __rt_exit_prels_1                        0x0001815d   Thumb Code     0  rtexit2.o(.ARM.Collect$$rtexit$$00000002)
    __rt_exit_exit                           0x00018161   Thumb Code     0  rtexit2.o(.ARM.Collect$$rtexit$$00000004)
    __asm___11_app_timer_c_cd27f9c3__nrf_delay_us 0x00018169   Thumb Code    30  app_timer.o(.emb_text)
    __aeabi_memcpy4                          0x00018189   Thumb Code    56  rt_memcpy.o(.emb_text)
    __aeabi_memcpy8                          0x00018189   Thumb Code     0  rt_memcpy.o(.emb_text)
    Reset_Handler                            0x000181c1   Thumb Code    26  arm_startup_nrf51.o(.text)
    NMI_Handler                              0x000181db   Thumb Code     2  arm_startup_nrf51.o(.text)
    HardFault_Handler                        0x000181dd   Thumb Code     2  arm_startup_nrf51.o(.text)
    SVC_Handler                              0x000181df   Thumb Code     2  arm_startup_nrf51.o(.text)
    PendSV_Handler                           0x000181e1   Thumb Code     2  arm_startup_nrf51.o(.text)
    SysTick_Handler                          0x000181e3   Thumb Code     2  arm_startup_nrf51.o(.text)
    ADC_IRQHandler                           0x000181e5   Thumb Code     0  arm_startup_nrf51.o(.text)
    CCM_AAR_IRQHandler                       0x000181e5   Thumb Code     0  arm_startup_nrf51.o(.text)
    ECB_IRQHandler                           0x000181e5   Thumb Code     0  arm_startup_nrf51.o(.text)
    LPCOMP_IRQHandler                        0x000181e5   Thumb Code     0  arm_startup_nrf51.o(.text)
    POWER_CLOCK_IRQHandler                   0x000181e5   Thumb Code     0  arm_startup_nrf51.o(.text)
    QDEC_IRQHandler                          0x000181e5   Thumb Code     0  arm_startup_nrf51.o(.text)
    RADIO_IRQHandler                         0x000181e5   Thumb Code     0  arm_startup_nrf51.o(.text)
    RNG_IRQHandler                           0x000181e5   Thumb Code     0  arm_startup_nrf51.o(.text)
    RTC0_IRQHandler                          0x000181e5   Thumb Code     0  arm_startup_nrf51.o(.text)
    SPI0_TWI0_IRQHandler                     0x000181e5   Thumb Code     0  arm_startup_nrf51.o(.text)
    SPI1_TWI1_IRQHandler                     0x000181e5   Thumb Code     0  arm_startup_nrf51.o(.text)
    SWI1_IRQHandler                          0x000181e5   Thumb Code     0  arm_startup_nrf51.o(.text)
    SWI3_IRQHandler                          0x000181e5   Thumb Code     0  arm_startup_nrf51.o(.text)
    SWI4_IRQHandler                          0x000181e5   Thumb Code     0  arm_startup_nrf51.o(.text)
    SWI5_IRQHandler                          0x000181e5   Thumb Code     0  arm_startup_nrf51.o(.text)
    TEMP_IRQHandler                          0x000181e5   Thumb Code     0  arm_startup_nrf51.o(.text)
    TIMER0_IRQHandler                        0x000181e5   Thumb Code     0  arm_startup_nrf51.o(.text)
    TIMER1_IRQHandler                        0x000181e5   Thumb Code     0  arm_startup_nrf51.o(.text)
    WDT_IRQHandler                           0x000181e5   Thumb Code     0  arm_startup_nrf51.o(.text)
    __user_initial_stackheap                 0x000181e9   Thumb Code     0  arm_startup_nrf51.o(.text)
    SystemCoreClockUpdate                    0x00018215   Thumb Code     8  system_nrf51.o(.text)
    SystemInit                               0x000182b9   Thumb Code    38  system_nrf51.o(.text)
    app_error_handler                        0x000182fd   Thumb Code    22  main.o(.text)
    assert_nrf_callback                      0x00018313   Thumb Code    14  main.o(.text)
    main                                     0x00018615   Thumb Code    48  main.o(.text)
    bt_clean_list                            0x000186e3   Thumb Code    36  devices.o(.text)
    bt_scan_start                            0x0001875b   Thumb Code   120  devices.o(.text)
    bt_handle_temp_sensor                    0x00018841   Thumb Code   114  devices.o(.text)
    bt_handle_led_driver                     0x000188b3   Thumb Code    88  devices.o(.text)
    bt_connect                               0x0001890b   Thumb Code   136  devices.o(.text)
    bt_write_to_device                       0x00018993   Thumb Code    88  devices.o(.text)
    bt_disconnect                            0x000189eb   Thumb Code    22  devices.o(.text)
    mb_set_ready_for_rq                      0x00018a35   Thumb Code    32  modbus.o(.text)
    mb_send_error_rsp                        0x00018acd   Thumb Code    74  modbus.o(.text)
    TIMER2_IRQHandler                        0x00018e65   Thumb Code    14  modbus.o(.text)
    UART0_IRQHandler                         0x00018eb1   Thumb Code    72  modbus.o(.text)
    mb_init                                  0x00018f2f   Thumb Code   156  modbus.o(.text)
    mb_send_write_rsp                        0x00018fcb   Thumb Code    98  modbus.o(.text)
    pstorage_sys_event_handler               0x0001963f   Thumb Code   326  pstorage.o(.text)
    pstorage_init                            0x00019785   Thumb Code   196  pstorage.o(.text)
    pstorage_register                        0x00019849   Thumb Code   360  pstorage.o(.text)
    pstorage_block_identifier_get            0x000199b1   Thumb Code   136  pstorage.o(.text)
    pstorage_store                           0x00019a39   Thumb Code   202  pstorage.o(.text)
    pstorage_update                          0x00019b03   Thumb Code   202  pstorage.o(.text)
    pstorage_load                            0x00019bcd   Thumb Code   226  pstorage.o(.text)
    pstorage_clear                           0x00019caf   Thumb Code   184  pstorage.o(.text)
    pstorage_access_status_get               0x00019d67   Thumb Code    36  pstorage.o(.text)
    dummy_handler                            0x00019ec5   Thumb Code     8  device_manager_central.o(.text)
    initiate_security_request                0x0001a0d1   Thumb Code   124  device_manager_central.o(.text)
    dm_handle_initialize                     0x0001a14d   Thumb Code    26  device_manager_central.o(.text)
    dm_init                                  0x0001a391   Thumb Code   224  device_manager_central.o(.text)
    dm_register                              0x0001a471   Thumb Code    96  device_manager_central.o(.text)
    dm_security_setup_req                    0x0001a4d1   Thumb Code   384  device_manager_central.o(.text)
    dm_security_status_req                   0x0001a651   Thumb Code   178  device_manager_central.o(.text)
    dm_whitelist_create                      0x0001a703   Thumb Code   256  device_manager_central.o(.text)
    dm_device_add                            0x0001a803   Thumb Code     8  device_manager_central.o(.text)
    dm_device_delete                         0x0001a80b   Thumb Code   102  device_manager_central.o(.text)
    dm_device_delete_all                     0x0001a871   Thumb Code    96  device_manager_central.o(.text)
    dm_service_context_set                   0x0001a8d1   Thumb Code   208  device_manager_central.o(.text)
    dm_service_context_get                   0x0001a9a1   Thumb Code   204  device_manager_central.o(.text)
    dm_service_context_delete                0x0001aa6d   Thumb Code    92  device_manager_central.o(.text)
    dm_application_context_set               0x0001aac9   Thumb Code   212  device_manager_central.o(.text)
    dm_application_context_get               0x0001ab9d   Thumb Code   208  device_manager_central.o(.text)
    dm_application_context_delete            0x0001ac6d   Thumb Code   162  device_manager_central.o(.text)
    dm_application_instance_set              0x0001ad0f   Thumb Code    74  device_manager_central.o(.text)
    dm_peer_addr_set                         0x0001ad59   Thumb Code   174  device_manager_central.o(.text)
    dm_peer_addr_get                         0x0001ae07   Thumb Code   224  device_manager_central.o(.text)
    dm_distributed_keys_get                  0x0001aee7   Thumb Code   204  device_manager_central.o(.text)
    dm_ble_evt_handler                       0x0001afb3   Thumb Code  1310  device_manager_central.o(.text)
    app_button_init                          0x0001b70b   Thumb Code   132  app_button.o(.text)
    app_button_enable                        0x0001b78f   Thumb Code    24  app_button.o(.text)
    app_button_disable                       0x0001b7a7   Thumb Code    42  app_button.o(.text)
    app_button_is_pushed                     0x0001b7d1   Thumb Code   108  app_button.o(.text)
    GPIOTE_IRQHandler                        0x0001b911   Thumb Code   158  app_gpiote.o(.text)
    app_gpiote_init                          0x0001ba11   Thumb Code   116  app_gpiote.o(.text)
    app_gpiote_user_register                 0x0001ba85   Thumb Code   138  app_gpiote.o(.text)
    app_gpiote_user_enable                   0x0001bb0f   Thumb Code   226  app_gpiote.o(.text)
    app_gpiote_user_disable                  0x0001bbf1   Thumb Code    66  app_gpiote.o(.text)
    app_gpiote_pins_state_get                0x0001bc33   Thumb Code    52  app_gpiote.o(.text)
    RTC1_IRQHandler                          0x0001c4d3   Thumb Code    34  app_timer.o(.text)
    SWI0_IRQHandler                          0x0001c4f5   Thumb Code     8  app_timer.o(.text)
    app_timer_init                           0x0001c4fd   Thumb Code   250  app_timer.o(.text)
    app_timer_create                         0x0001c5f7   Thumb Code   108  app_timer.o(.text)
    app_timer_start                          0x0001c685   Thumb Code    98  app_timer.o(.text)
    app_timer_stop                           0x0001c6e7   Thumb Code    60  app_timer.o(.text)
    app_timer_stop_all                       0x0001c723   Thumb Code    26  app_timer.o(.text)
    app_timer_cnt_get                        0x0001c73d   Thumb Code    14  app_timer.o(.text)
    app_timer_cnt_diff_compute               0x0001c74b   Thumb Code    22  app_timer.o(.text)
    softdevice_assertion_handler             0x0001c821   Thumb Code    18  softdevice_handler.o(.text)
    intern_softdevice_events_execute         0x0001c833   Thumb Code   168  softdevice_handler.o(.text)
    softdevice_handler_init                  0x0001c8db   Thumb Code    84  softdevice_handler.o(.text)
    softdevice_handler_sd_disable            0x0001c92f   Thumb Code    24  softdevice_handler.o(.text)
    softdevice_ble_evt_handler_set           0x0001c947   Thumb Code    18  softdevice_handler.o(.text)
    softdevice_sys_evt_handler_set           0x0001c959   Thumb Code    18  softdevice_handler.o(.text)
    SWI2_IRQHandler                          0x0001c96b   Thumb Code    52  softdevice_handler.o(.text)
    app_sched_init                           0x0001c9f5   Thumb Code    66  app_scheduler.o(.text)
    app_sched_event_put                      0x0001ca37   Thumb Code   238  app_scheduler.o(.text)
    app_sched_execute                        0x0001cb79   Thumb Code    30  app_scheduler.o(.text)
    memcmp                                   0x0001cc59   Thumb Code    90  memcmp.o(.text)
    __aeabi_memcpy                           0x0001ccb3   Thumb Code   130  rt_memcpy.o(.text)
    __rt_memcpy                              0x0001ccb3   Thumb Code     0  rt_memcpy.o(.text)
    _memset_w                                0x0001cd35   Thumb Code    26  rt_memclr.o(.text)
    _memset                                  0x0001cd4f   Thumb Code    30  rt_memclr.o(.text)
    __aeabi_memclr                           0x0001cd6d   Thumb Code     4  rt_memclr.o(.text)
    __rt_memclr                              0x0001cd6d   Thumb Code     0  rt_memclr.o(.text)
    __aeabi_memclr4                          0x0001cd71   Thumb Code     0  rt_memclr.o(.text)
    __aeabi_memclr8                          0x0001cd71   Thumb Code     0  rt_memclr.o(.text)
    __rt_memclr_w                            0x0001cd71   Thumb Code     4  rt_memclr.o(.text)
    __aeabi_uidiv                            0x0001cd75   Thumb Code     0  aeabi_sdiv.o(.text)
    __aeabi_uidivmod                         0x0001cd75   Thumb Code    20  aeabi_sdiv.o(.text)
    __aeabi_idiv                             0x0001cd89   Thumb Code     0  aeabi_sdiv.o(.text)
    __aeabi_idivmod                          0x0001cd89   Thumb Code   326  aeabi_sdiv.o(.text)
    __use_two_region_memory                  0x0001cecf   Thumb Code     2  heapauxi.o(.text)
    __rt_heap_escrow$2region                 0x0001ced1   Thumb Code     2  heapauxi.o(.text)
    __rt_heap_expand$2region                 0x0001ced3   Thumb Code     2  heapauxi.o(.text)
    __user_setup_stackheap                   0x0001ced5   Thumb Code    62  sys_stackheap_outer.o(.text)
    exit                                     0x0001cf13   Thumb Code    12  exit.o(.text)
    __user_libspace                          0x0001cf21   Thumb Code     8  libspace.o(.text)
    __user_perproc_libspace                  0x0001cf21   Thumb Code     0  libspace.o(.text)
    __user_perthread_libspace                0x0001cf21   Thumb Code     0  libspace.o(.text)
    _sys_exit                                0x0001cf29   Thumb Code     8  sys_exit.o(.text)
    __I$use$semihosting                      0x0001cf35   Thumb Code     0  use_no_semi.o(.text)
    __use_no_semihosting_swi                 0x0001cf35   Thumb Code     2  use_no_semi.o(.text)
    __ARM_common_switch8                     0x0001cf37   Thumb Code    28  pstorage.o(i.__ARM_common_switch8)
    __semihosting_library_function           0x0001cf37   Thumb Code     0  indicate_semi.o(.text)
    g_connection_param                       0x0001cf52   Data           8  devices.o(.constdata)
    m_service_context_store                  0x0001cf5c   Data          16  device_manager_central.o(.constdata)
    m_service_context_load                   0x0001cf6c   Data          16  device_manager_central.o(.constdata)
    m_service_context_apply                  0x0001cf7c   Data          16  device_manager_central.o(.constdata)
    m_context_init_len                       0x0001cf8c   Data           4  device_manager_central.o(.constdata)
    m_bit_set                                0x0001cf90   Data           4  device_manager_central.o(.constdata)
    Region$$Table$$Base                      0x0001cf94   Number         0  anon$$obj.o(Region$$Table)
    Region$$Table$$Limit                     0x0001cfb4   Number         0  anon$$obj.o(Region$$Table)
    SystemCoreClock                          0x20002800   Data           4  system_nrf51.o(.data)
    m_memory_access_in_progress              0x20002804   Data           1  main.o(.data)
    g_conn_dev_idx                           0x20002810   Data           1  devices.o(.data)
    g_bytes_in_rsp_buffer                    0x20002814   Data           1  modbus.o(.data)
    g_rq_idx                                 0x20002815   Data           1  modbus.o(.data)
    g_rsp_idx                                0x20002816   Data           1  modbus.o(.data)
    g_rq_pending_flag                        0x20002817   Data           1  modbus.o(.data)
    m_packet_timeout_timer_id                0x20002818   Data           4  modbus.o(.data)
    g_devs_list                              0x20002ba8   Data         106  devices.o(.bss)
    g_scan_param                             0x20002c14   Data          16  devices.o(.bss)
    g_buffer                                 0x20002c24   Data          32  modbus.o(.bss)
    g_memory                                 0x20002c44   Data          58  modbus.o(.bss)
    __libspace_start                         0x20002e6c   Data          96  libspace.o(.bss)
    __temporary_stack_top$libspace           0x20002ecc   Data           0  libspace.o(.bss)



==============================================================================

Memory Map of the image

  Image Entry point : 0x000180c1

  Load Region LR_IROM1 (Base: 0x00018000, Size: 0x00005070, Max: 0x00027000, ABSOLUTE)

    Execution Region ER_IROM1 (Base: 0x00018000, Size: 0x00004fb4, Max: 0x00027000, ABSOLUTE)

    Base Addr    Size         Type   Attr      Idx    E Section Name        Object

    0x00018000   0x000000c0   Data   RO            3    RESET               arm_startup_nrf51.o
    0x000180c0   0x00000008   Code   RO          797  * !!!main             c_p.l(__main.o)
    0x000180c8   0x0000003c   Code   RO          976    !!!scatter          c_p.l(__scatter.o)
    0x00018104   0x0000001a   Code   RO          978    !!handler_copy      c_p.l(__scatter_copy.o)
    0x0001811e   0x00000002   PAD
    0x00018120   0x0000001c   Code   RO          980    !!handler_zi        c_p.l(__scatter_zi.o)
    0x0001813c   0x00000002   Code   RO          848    .ARM.Collect$$libinit$$00000000  c_p.l(libinit.o)
    0x0001813e   0x00000004   Code   RO          861    .ARM.Collect$$libinit$$00000001  c_p.l(libinit2.o)
    0x00018142   0x00000000   Code   RO          865    .ARM.Collect$$libinit$$00000008  c_p.l(libinit2.o)
    0x00018142   0x00000000   Code   RO          867    .ARM.Collect$$libinit$$0000000A  c_p.l(libinit2.o)
    0x00018142   0x00000000   Code   RO          869    .ARM.Collect$$libinit$$0000000C  c_p.l(libinit2.o)
    0x00018142   0x00000000   Code   RO          872    .ARM.Collect$$libinit$$0000000F  c_p.l(libinit2.o)
    0x00018142   0x00000000   Code   RO          874    .ARM.Collect$$libinit$$00000011  c_p.l(libinit2.o)
    0x00018142   0x00000000   Code   RO          876    .ARM.Collect$$libinit$$00000013  c_p.l(libinit2.o)
    0x00018142   0x00000000   Code   RO          878    .ARM.Collect$$libinit$$00000015  c_p.l(libinit2.o)
    0x00018142   0x00000000   Code   RO          880    .ARM.Collect$$libinit$$00000017  c_p.l(libinit2.o)
    0x00018142   0x00000000   Code   RO          882    .ARM.Collect$$libinit$$00000019  c_p.l(libinit2.o)
    0x00018142   0x00000000   Code   RO          884    .ARM.Collect$$libinit$$0000001B  c_p.l(libinit2.o)
    0x00018142   0x00000000   Code   RO          886    .ARM.Collect$$libinit$$0000001D  c_p.l(libinit2.o)
    0x00018142   0x00000000   Code   RO          888    .ARM.Collect$$libinit$$0000001F  c_p.l(libinit2.o)
    0x00018142   0x00000000   Code   RO          890    .ARM.Collect$$libinit$$00000021  c_p.l(libinit2.o)
    0x00018142   0x00000000   Code   RO          892    .ARM.Collect$$libinit$$00000023  c_p.l(libinit2.o)
    0x00018142   0x00000000   Code   RO          896    .ARM.Collect$$libinit$$0000002A  c_p.l(libinit2.o)
    0x00018142   0x00000000   Code   RO          898    .ARM.Collect$$libinit$$0000002C  c_p.l(libinit2.o)
    0x00018142   0x00000000   Code   RO          900    .ARM.Collect$$libinit$$0000002E  c_p.l(libinit2.o)
    0x00018142   0x00000000   Code   RO          902    .ARM.Collect$$libinit$$00000030  c_p.l(libinit2.o)
    0x00018142   0x00000002   Code   RO          903    .ARM.Collect$$libinit$$00000031  c_p.l(libinit2.o)
    0x00018144   0x00000002   Code   RO          934    .ARM.Collect$$libshutdown$$00000000  c_p.l(libshutdown.o)
    0x00018146   0x00000000   Code   RO          961    .ARM.Collect$$libshutdown$$00000003  c_p.l(libshutdown2.o)
    0x00018146   0x00000000   Code   RO          964    .ARM.Collect$$libshutdown$$00000006  c_p.l(libshutdown2.o)
    0x00018146   0x00000000   Code   RO          967    .ARM.Collect$$libshutdown$$00000009  c_p.l(libshutdown2.o)
    0x00018146   0x00000000   Code   RO          969    .ARM.Collect$$libshutdown$$0000000B  c_p.l(libshutdown2.o)
    0x00018146   0x00000000   Code   RO          972    .ARM.Collect$$libshutdown$$0000000E  c_p.l(libshutdown2.o)
    0x00018146   0x00000002   Code   RO          973    .ARM.Collect$$libshutdown$$0000000F  c_p.l(libshutdown2.o)
    0x00018148   0x00000000   Code   RO          799    .ARM.Collect$$rtentry$$00000000  c_p.l(rtentry.o)
    0x00018148   0x00000000   Code   RO          810    .ARM.Collect$$rtentry$$00000002  c_p.l(rtentry2.o)
    0x00018148   0x00000006   Code   RO          822    .ARM.Collect$$rtentry$$00000004  c_p.l(rtentry4.o)
    0x0001814e   0x00000000   Code   RO          812    .ARM.Collect$$rtentry$$00000009  c_p.l(rtentry2.o)
    0x0001814e   0x00000004   Code   RO          813    .ARM.Collect$$rtentry$$0000000A  c_p.l(rtentry2.o)
    0x00018152   0x00000000   Code   RO          815    .ARM.Collect$$rtentry$$0000000C  c_p.l(rtentry2.o)
    0x00018152   0x00000008   Code   RO          816    .ARM.Collect$$rtentry$$0000000D  c_p.l(rtentry2.o)
    0x0001815a   0x00000002   Code   RO          853    .ARM.Collect$$rtexit$$00000000  c_p.l(rtexit.o)
    0x0001815c   0x00000000   Code   RO          907    .ARM.Collect$$rtexit$$00000002  c_p.l(rtexit2.o)
    0x0001815c   0x00000004   Code   RO          908    .ARM.Collect$$rtexit$$00000003  c_p.l(rtexit2.o)
    0x00018160   0x00000006   Code   RO          909    .ARM.Collect$$rtexit$$00000004  c_p.l(rtexit2.o)
    0x00018166   0x00000002   PAD
    0x00018168   0x0000001e   Code   RO          619    .emb_text           app_timer.o
    0x00018186   0x00000002   PAD
    0x00018188   0x00000038   Code   RO          785    .emb_text           c_p.l(rt_memcpy.o)
    0x000181c0   0x00000054   Code   RO            4    .text               arm_startup_nrf51.o
    0x00018214   0x000000e8   Code   RO           12    .text               system_nrf51.o
    0x000182fc   0x000003a4   Code   RO           69    .text               main.o
    0x000186a0   0x00000394   Code   RO          233    .text               devices.o
    0x00018a34   0x000006d8   Code   RO          325    .text               modbus.o
    0x0001910c   0x00000c98   Code   RO          467    .text               pstorage.o
    0x00019da4   0x00001850   Code   RO          502    .text               device_manager_central.o
    0x0001b5f4   0x0000029c   Code   RO          563    .text               app_button.o
    0x0001b890   0x0000046c   Code   RO          591    .text               app_gpiote.o
    0x0001bcfc   0x00000b24   Code   RO          620    .text               app_timer.o
    0x0001c820   0x000001d4   Code   RO          673    .text               softdevice_handler.o
    0x0001c9f4   0x00000264   Code   RO          701    .text               app_scheduler.o
    0x0001cc58   0x0000005a   Code   RO          783    .text               c_p.l(memcmp.o)
    0x0001ccb2   0x00000082   Code   RO          786    .text               c_p.l(rt_memcpy.o)
    0x0001cd34   0x00000040   Code   RO          789    .text               c_p.l(rt_memclr.o)
    0x0001cd74   0x0000015a   Code   RO          791    .text               c_p.l(aeabi_sdiv.o)
    0x0001cece   0x00000006   Code   RO          795    .text               c_p.l(heapauxi.o)
    0x0001ced4   0x0000003e   Code   RO          832    .text               c_p.l(sys_stackheap_outer.o)
    0x0001cf12   0x0000000c   Code   RO          837    .text               c_p.l(exit.o)
    0x0001cf1e   0x00000002   PAD
    0x0001cf20   0x00000008   Code   RO          849    .text               c_p.l(libspace.o)
    0x0001cf28   0x0000000c   Code   RO          904    .text               c_p.l(sys_exit.o)
    0x0001cf34   0x00000002   Code   RO          923    .text               c_p.l(use_no_semi.o)
    0x0001cf36   0x00000000   Code   RO          925    .text               c_p.l(indicate_semi.o)
    0x0001cf36   0x0000001c   Code   RO          485    i.__ARM_common_switch8  pstorage.o
    0x0001cf52   0x00000008   Data   RO          235    .constdata          devices.o
    0x0001cf5a   0x00000002   PAD
    0x0001cf5c   0x00000038   Data   RO          504    .constdata          device_manager_central.o
    0x0001cf94   0x00000020   Data   RO          974    Region$$Table       anon$$obj.o


    Execution Region RW_IRAM1 (Base: 0x20002800, Size: 0x000016d0, Max: 0x00001800, ABSOLUTE)

    Base Addr    Size         Type   Attr      Idx    E Section Name        Object

    0x20002800   0x00000004   Data   RW           13    .data               system_nrf51.o
    0x20002804   0x0000000c   Data   RW           71    .data               main.o
    0x20002810   0x00000001   Data   RW          236    .data               devices.o
    0x20002811   0x00000003   PAD
    0x20002814   0x00000008   Data   RW          327    .data               modbus.o
    0x2000281c   0x0000000c   Data   RW          469    .data               pstorage.o
    0x20002828   0x00000015   Data   RW          505    .data               device_manager_central.o
    0x2000283d   0x00000003   PAD
    0x20002840   0x00000020   Data   RW          564    .data               app_button.o
    0x20002860   0x0000000c   Data   RW          592    .data               app_gpiote.o
    0x2000286c   0x00000029   Data   RW          621    .data               app_timer.o
    0x20002895   0x00000003   PAD
    0x20002898   0x00000014   Data   RW          674    .data               softdevice_handler.o
    0x200028ac   0x0000000e   Data   RW          702    .data               app_scheduler.o
    0x200028ba   0x00000002   PAD
    0x200028bc   0x000002ec   Zero   RW           70    .bss                main.o
    0x20002ba8   0x0000007c   Zero   RW          234    .bss                devices.o
    0x20002c24   0x0000005a   Zero   RW          326    .bss                modbus.o
    0x20002c7e   0x00000002   PAD
    0x20002c80   0x000000dc   Zero   RW          468    .bss                pstorage.o
    0x20002d5c   0x0000010f   Zero   RW          503    .bss                device_manager_central.o
    0x20002e6b   0x00000001   PAD
    0x20002e6c   0x00000060   Zero   RW          850    .bss                c_p.l(libspace.o)
    0x20002ecc   0x00000004   PAD
    0x20002ed0   0x00000800   Zero   RW            2    HEAP                arm_startup_nrf51.o
    0x200036d0   0x00000800   Zero   RW            1    STACK               arm_startup_nrf51.o


==============================================================================

Image component sizes


      Code (inc. data)   RO Data    RW Data    ZI Data      Debug   Object Name

       668         84          0         32          0       7732   app_button.o
      1132         40          0         12          0      11754   app_gpiote.o
       612         90          0         14          0      10879   app_scheduler.o
      2882        202          0         41          0      25005   app_timer.o
         0          0          0          0          0        964   app_trace.o
        84         36        192          0       4096        724   arm_startup_nrf51.o
      6224        262         56         21        271      53423   device_manager_central.o
       916         52          8          1        124      36182   devices.o
       932         64          0         12        748      66659   main.o
      1752        140          0          8         90      16182   modbus.o
      3252         90          0         12        220      12242   pstorage.o
       468         86          0         20          0       5276   softdevice_handler.o
       232         30          0          4          0      21513   system_nrf51.o

    ----------------------------------------------------------------------
     19156       1176        290        188       5552     268535   Object Totals
         0          0         32          0          0          0   (incl. Generated)
         2          0          2         11          3          0   (incl. Padding)

    ----------------------------------------------------------------------

      Code (inc. data)   RO Data    RW Data    ZI Data      Debug   Library Member Name

         8          0          0          0          0         68   __main.o
        60          8          0          0          0          0   __scatter.o
        26          0          0          0          0          0   __scatter_copy.o
        28          0          0          0          0          0   __scatter_zi.o
       346          0          0          0          0         92   aeabi_sdiv.o
        12          0          0          0          0         64   exit.o
         6          0          0          0          0        136   heapauxi.o
         0          0          0          0          0          0   indicate_semi.o
         2          0          0          0          0          0   libinit.o
         6          0          0          0          0          0   libinit2.o
         2          0          0          0          0          0   libshutdown.o
         2          0          0          0          0          0   libshutdown2.o
         8          4          0          0         96         68   libspace.o
        90          0          0          0          0         68   memcmp.o
        64          0          0          0          0        108   rt_memclr.o
       186          0          0          0          0        144   rt_memcpy.o
         0          0          0          0          0          0   rtentry.o
        12          0          0          0          0          0   rtentry2.o
         6          0          0          0          0          0   rtentry4.o
         2          0          0          0          0          0   rtexit.o
        10          0          0          0          0          0   rtexit2.o
        12          4          0          0          0         60   sys_exit.o
        62          0          0          0          0         80   sys_stackheap_outer.o
         2          0          0          0          0         68   use_no_semi.o

    ----------------------------------------------------------------------
       958         16          0          0        100        956   Library Totals
         6          0          0          0          4          0   (incl. Padding)

    ----------------------------------------------------------------------

      Code (inc. data)   RO Data    RW Data    ZI Data      Debug   Library Name

       952         16          0          0         96        956   c_p.l

    ----------------------------------------------------------------------
       958         16          0          0        100        956   Library Totals

    ----------------------------------------------------------------------

==============================================================================


      Code (inc. data)   RO Data    RW Data    ZI Data      Debug   

     20114       1192        290        188       5652     268363   Grand Totals
     20114       1192        290        188       5652     268363   ELF Image Totals
     20114       1192        290        188          0          0   ROM Totals

==============================================================================

    Total RO  Size (Code + RO Data)                20404 (  19.93kB)
    Total RW  Size (RW Data + ZI Data)              5840 (   5.70kB)
    Total ROM Size (Code + RO Data + RW Data)      20592 (  20.11kB)

==============================================================================

