<html>
<body>
<pre>
<h1>µVision Build Log</h1>
<h2>Project:</h2>
C:\Users\mibu\Desktop\proj\Nordic\Board\pca10001\s120\integrator_with_modbus\arm\integrator_with_modbus.uvprojx
Project File Date:  08/25/2014

<h2>Output:</h2>
Build target 'nrf51822_xxaa_s120 (256K)'
assembling arm_startup_nrf51.s...
creating preprocessor file for system_nrf51.c...
compiling system_nrf51.c...
creating preprocessor file for main.c...
compiling main.c...
creating preprocessor file for devices.c...
compiling devices.c...
creating preprocessor file for modbus.c...
compiling modbus.c...
creating preprocessor file for app_trace.c...
compiling app_trace.c...
creating preprocessor file for simple_uart.c...
compiling simple_uart.c...
creating preprocessor file for pstorage.c...
compiling pstorage.c...
creating preprocessor file for device_manager_central.c...
compiling device_manager_central.c...
creating preprocessor file for app_button.c...
compiling app_button.c...
creating preprocessor file for app_gpiote.c...
compiling app_gpiote.c...
creating preprocessor file for app_timer.c...
compiling app_timer.c...
creating preprocessor file for softdevice_handler.c...
compiling softdevice_handler.c...
creating preprocessor file for app_scheduler.c...
compiling app_scheduler.c...
linking...
Program Size: Code=20114 RO-data=290 RW-data=188 ZI-data=5652  
FromELF: creating hex file...
".\_build\ble_app_hrs_c.axf" - 0 Error(s), 0 Warning(s).

<h2>Software Packages used:</h2>

Package Vendor: ARM
                http://www.keil.com/pack/ARM.CMSIS.4.1.0.pack
                ARM::CMSIS:CORE:3.30.0
                CMSIS (Cortex Microcontroller Software Interface Standard)
   * Component: CORE Version: 3.30.0

Package Vendor: NordicSemiconductor
                http://www.keil.com/pack/NordicSemiconductor.nRF_DeviceFamilyPack.1.1.1.pack
                NordicSemiconductor::Device:Startup:1.0.0
                Nordic Semiconductor nRF ARM devices Device Family Pack.
   * Component: Startup Version: 1.0.0

<h2>Collection of Component include folders:</h2>
  C:\Users\mibu\Desktop\proj\Nordic\Board\pca10001\s120\integrator_with_modbus\arm\RTE
  C:\Keil_v5\ARM\PACK\ARM\CMSIS\4.1.0\CMSIS\Include
  C:\Keil_v5\ARM\PACK\NordicSemiconductor\nRF_DeviceFamilyPack\1.1.1\Device\Include

<h2>Collection of Component Files used:</h2>

   * Component: ARM::CMSIS:CORE:3.30.0
      Source file:   CMSIS\UserCodeTemplates\ARM\ITM_Retarget.c

   * Component: NordicSemiconductor::Device:Startup:1.0.0
      Source file:   Device\Source\arm\arm_startup_nrf51.s
      Source file:   Device\Source\system_nrf51.c
      Include file:  Device\Include\system_nrf51.h
Load "C:\\Users\\mibu\\Desktop\\proj\\Nordic\\Board\\pca10001\\s120\\integrator_with_modbus\\arm\\_build\\ble_app_hrs_c.axf" 
Set JLink Project File to "C:\Users\mibu\Desktop\proj\Nordic\Board\pca10001\s120\integrator_with_modbus\arm\JLinkSettings.ini"
* JLink Info: Device "NRF51822_XXAA" selected (257 KB flash, 16 KB RAM).
 
JLink info:
------------
DLL: V4.80g, compiled Feb 13 2014 20:50:02
Firmware: J-Link OB-SAM3U128 V1 compiled Jul 18 2014 17:40:26
Hardware: V1.00
S/N : 480204889 
 
* JLink Info: Found SWD-DP with ID 0x0BB11477
* JLink Info: Found Cortex-M0 r0p0, Little endian.
* JLink Info: FPUnit: 4 code (BP) slots and 0 literal slots
ROMTableAddr = 0xE00FF003
 
Target info:
------------
Device: nRF51822_xxAA
VTarget = 3.300V
State of Pins: 
TCK: 0, TDI: 0, TDO: 1, TMS: 1, TRES: 1, TRST: 1
Hardware-Breakpoints: 4
Software-Breakpoints: 8192
Watchpoints:          2
JTAG speed: 2000 kHz
 
Erase Done.
Programming Done.
Verify OK.
Application running ...
